<html>
<body>
<pre>
<h1>µVision Build Log</h1>
<h2>Project:</h2>
J:\stm32_prj_modbus\stm32_main.uvproj
Project File Date:  03/29/2016

<h2>Output:</h2>
Build target 'Target 1'
compiling main.c...
compiling stm32f10x_it.c...
linking...
Program Size: Code=15780 RO-data=336 RW-data=148 ZI-data=1668  
".\output\stm32_main.axf" - 0 Errors, 0 Warning(s).
Build target 'Target 1'
compiling main.c...
user\main.c(596): error:  #136: struct "<unnamed>" has no field "USART_Clock"
user\main.c(597): error:  #136: struct "<unnamed>" has no field "USART_CPOL"
user\main.c(598): error:  #136: struct "<unnamed>" has no field "USART_CPHA"
user\main.c(599): error:  #136: struct "<unnamed>" has no field "USART_LastBit"
".\output\stm32_main.axf" - 4 Errors, 0 Warning(s).
Target not created
Load "J:\\stm32_prj_modbus\\output\\stm32_main.axf" 
Build target 'Target 1'
compiling main.c...
user\main.c(596): error:  #136: struct "<unnamed>" has no field "USART_Clock"
user\main.c(597): error:  #136: struct "<unnamed>" has no field "USART_CPOL"
user\main.c(598): error:  #136: struct "<unnamed>" has no field "USART_CPHA"
user\main.c(599): error:  #136: struct "<unnamed>" has no field "USART_LastBit"
compiling stm32f10x_it.c...
compiling RS485.c...
".\output\stm32_main.axf" - 4 Errors, 0 Warning(s).
Target not created
