Component: ARM Compiler 5.06 update 5 (build 528) Tool: armlink [4d35e2]

==============================================================================

Section Cross References

    system_stm32f10x.o(.text) refers to system_stm32f10x.o(.data) for SystemCoreClock
    startup_stm32f10x_md.o(RESET) refers to startup_stm32f10x_md.o(STACK) for __initial_sp
    startup_stm32f10x_md.o(RESET) refers to startup_stm32f10x_md.o(.text) for Reset_Handler
    startup_stm32f10x_md.o(RESET) refers to stm32f10x_it.o(.text) for NMI_Handler
    startup_stm32f10x_md.o(.text) refers to system_stm32f10x.o(.text) for SystemInit
    startup_stm32f10x_md.o(.text) refers to entry.o(.ARM.Collect$$$$00000000) for __main
    stm32f10x_adc.o(.text) refers to stm32f10x_rcc.o(.text) for RCC_APB2PeriphResetCmd
    stm32f10x_bkp.o(.text) refers to stm32f10x_rcc.o(.text) for RCC_BackupResetCmd
    stm32f10x_can.o(.text) refers to stm32f10x_rcc.o(.text) for RCC_APB1PeriphResetCmd
    stm32f10x_cec.o(.text) refers to stm32f10x_rcc.o(.text) for RCC_APB1PeriphResetCmd
    stm32f10x_dac.o(.text) refers to stm32f10x_rcc.o(.text) for RCC_APB1PeriphResetCmd
    stm32f10x_gpio.o(.text) refers to stm32f10x_rcc.o(.text) for RCC_APB2PeriphResetCmd
    stm32f10x_i2c.o(.text) refers to stm32f10x_rcc.o(.text) for RCC_APB1PeriphResetCmd
    stm32f10x_pwr.o(.text) refers to stm32f10x_rcc.o(.text) for RCC_APB1PeriphResetCmd
    stm32f10x_rcc.o(.text) refers to stm32f10x_rcc.o(.data) for APBAHBPrescTable
    stm32f10x_spi.o(.text) refers to stm32f10x_rcc.o(.text) for RCC_APB2PeriphResetCmd
    stm32f10x_tim.o(.text) refers to stm32f10x_rcc.o(.text) for RCC_APB2PeriphResetCmd
    stm32f10x_usart.o(.text) refers to stm32f10x_rcc.o(.text) for RCC_APB2PeriphResetCmd
    stm32f10x_wwdg.o(.text) refers to stm32f10x_rcc.o(.text) for RCC_APB1PeriphResetCmd
    main.o(.text) refers to stm32f10x_rcc.o(.text) for RCC_DeInit
    main.o(.text) refers to stm32f10x_flash.o(.text) for FLASH_SetLatency
    main.o(.text) refers to gpiox.o(.text) for GPIO_Configuration
    main.o(.text) refers to nvic.o(.text) for NVIC_Configuration
    main.o(.text) refers to timx.o(.text) for Motor_Init
    main.o(.text) refers to stm32f10x_tim.o(.text) for TIM_CCxCmd
    main.o(.text) refers to delay.o(.text) for delay_ms
    main.o(.text) refers to stm32f10x_pwr.o(.text) for PWR_BackupAccessCmd
    main.o(.text) refers to stm32f10x_bkp.o(.text) for BKP_DeInit
    main.o(.text) refers to stm32f10x_rtc.o(.text) for RTC_WaitForSynchro
    main.o(.text) refers to main.o(.data) for Motor1_OriginFlag
    stm32f10x_it.o(.text) refers to stm32f10x_tim.o(.text) for TIM_GetITStatus
    stm32f10x_it.o(.text) refers to stm32f10x_gpio.o(.text) for GPIO_SetBits
    stm32f10x_it.o(.text) refers to main.o(.text) for Delay_Ms
    stm32f10x_it.o(.text) refers to stm32f10x_usart.o(.text) for USART_ClearFlag
    stm32f10x_it.o(.text) refers to stm32f10x_dma.o(.text) for DMA_GetFlagStatus
    stm32f10x_it.o(.text) refers to dma.o(.text) for LumMod_Uart_DAM_Tx_Over
    stm32f10x_it.o(.text) refers to stm32f10x_exti.o(.text) for EXTI_GetITStatus
    stm32f10x_it.o(.text) refers to delay.o(.text) for delay_ms
    stm32f10x_it.o(.text) refers to main.o(.data) for Delay_1s_Finishflag
    printf.o(.text) refers to stm32f10x_usart.o(.text) for USART_SendData
    dma.o(.text) refers to stm32f10x_rcc.o(.text) for RCC_AHBPeriphClockCmd
    dma.o(.text) refers to stm32f10x_dma.o(.text) for DMA_Cmd
    dma.o(.text) refers to memcpya.o(.text) for __aeabi_memcpy
    dma.o(.text) refers to dma.o(.bss) for LumMod_Tx_Buf
    dma.o(.text) refers to dma.o(.data) for LUMMOD_TX_BSIZE
    timx.o(.text) refers to stm32f10x_rcc.o(.text) for RCC_APB2PeriphClockCmd
    timx.o(.text) refers to stm32f10x_gpio.o(.text) for GPIO_Init
    timx.o(.text) refers to stm32f10x_tim.o(.text) for TIM_InternalClockConfig
    gpiox.o(.text) refers to stm32f10x_rcc.o(.text) for RCC_APB2PeriphClockCmd
    gpiox.o(.text) refers to stm32f10x_gpio.o(.text) for GPIO_PinRemapConfig
    nvic.o(.text) refers to stm32f10x_exti.o(.text) for EXTI_ClearITPendingBit
    nvic.o(.text) refers to stm32f10x_gpio.o(.text) for GPIO_EXTILineConfig
    nvic.o(.text) refers to misc.o(.text) for NVIC_PriorityGroupConfig
    usartx.o(.text) refers to stm32f10x_rcc.o(.text) for RCC_APB2PeriphClockCmd
    usartx.o(.text) refers to stm32f10x_usart.o(.text) for USART_Init
    entry.o(.ARM.Collect$$$$00000000) refers (Special) to entry10a.o(.ARM.Collect$$$$0000000D) for __rt_final_cpp
    entry.o(.ARM.Collect$$$$00000000) refers (Special) to entry11a.o(.ARM.Collect$$$$0000000F) for __rt_final_exit
    entry.o(.ARM.Collect$$$$00000000) refers (Special) to entry7b.o(.ARM.Collect$$$$00000008) for _main_clock
    entry.o(.ARM.Collect$$$$00000000) refers (Special) to entry8b.o(.ARM.Collect$$$$0000000A) for _main_cpp_init
    entry.o(.ARM.Collect$$$$00000000) refers (Special) to entry9a.o(.ARM.Collect$$$$0000000B) for _main_init
    entry.o(.ARM.Collect$$$$00000000) refers (Special) to entry5.o(.ARM.Collect$$$$00000004) for _main_scatterload
    entry.o(.ARM.Collect$$$$00000000) refers (Special) to entry2.o(.ARM.Collect$$$$00000001) for _main_stk
    entry2.o(.ARM.Collect$$$$00000001) refers to entry2.o(.ARM.Collect$$$$00002712) for __lit__00000000
    entry2.o(.ARM.Collect$$$$00002712) refers to startup_stm32f10x_md.o(STACK) for __initial_sp
    entry2.o(__vectab_stack_and_reset_area) refers to startup_stm32f10x_md.o(STACK) for __initial_sp
    entry2.o(__vectab_stack_and_reset_area) refers to entry.o(.ARM.Collect$$$$00000000) for __main
    entry5.o(.ARM.Collect$$$$00000004) refers to init.o(.text) for __scatterload
    entry9a.o(.ARM.Collect$$$$0000000B) refers to main.o(.text) for main
    entry9b.o(.ARM.Collect$$$$0000000C) refers to main.o(.text) for main
    init.o(.text) refers to entry5.o(.ARM.Collect$$$$00000004) for __main_after_scatterload


==============================================================================

Removing Unused input sections from the image.

    Removing core_cm3.o(.emb_text), (32 bytes).
    Removing startup_stm32f10x_md.o(HEAP), (512 bytes).
    Removing stm32f10x_adc.o(.text), (1102 bytes).
    Removing stm32f10x_can.o(.text), (2544 bytes).
    Removing stm32f10x_cec.o(.text), (288 bytes).
    Removing stm32f10x_crc.o(.text), (72 bytes).
    Removing stm32f10x_dac.o(.text), (396 bytes).
    Removing stm32f10x_dbgmcu.o(.text), (48 bytes).
    Removing stm32f10x_fsmc.o(.text), (1548 bytes).
    Removing stm32f10x_i2c.o(.text), (1028 bytes).
    Removing stm32f10x_iwdg.o(.text), (64 bytes).
    Removing stm32f10x_sdio.o(.text), (468 bytes).
    Removing stm32f10x_spi.o(.text), (780 bytes).
    Removing stm32f10x_wwdg.o(.text), (136 bytes).
    Removing printf.o(.text), (72 bytes).
    Removing usartx.o(.text), (340 bytes).

16 unused section(s) (total 9430 bytes) removed from the image.

==============================================================================

Image Symbol Table

    Local Symbols

    Symbol Name                              Value     Ov Type        Size  Object(Section)

    ../clib/microlib/init/entry.s            0x00000000   Number         0  entry9b.o ABSOLUTE
    ../clib/microlib/init/entry.s            0x00000000   Number         0  entry2.o ABSOLUTE
    ../clib/microlib/init/entry.s            0x00000000   Number         0  entry5.o ABSOLUTE
    ../clib/microlib/init/entry.s            0x00000000   Number         0  entry7a.o ABSOLUTE
    ../clib/microlib/init/entry.s            0x00000000   Number         0  entry11b.o ABSOLUTE
    ../clib/microlib/init/entry.s            0x00000000   Number         0  entry7b.o ABSOLUTE
    ../clib/microlib/init/entry.s            0x00000000   Number         0  entry11a.o ABSOLUTE
    ../clib/microlib/init/entry.s            0x00000000   Number         0  entry10b.o ABSOLUTE
    ../clib/microlib/init/entry.s            0x00000000   Number         0  entry10a.o ABSOLUTE
    ../clib/microlib/init/entry.s            0x00000000   Number         0  entry9a.o ABSOLUTE
    ../clib/microlib/init/entry.s            0x00000000   Number         0  entry8b.o ABSOLUTE
    ../clib/microlib/init/entry.s            0x00000000   Number         0  entry8a.o ABSOLUTE
    ../clib/microlib/init/entry.s            0x00000000   Number         0  entry.o ABSOLUTE
    ../clib/microlib/string/memcpy.c         0x00000000   Number         0  memcpyb.o ABSOLUTE
    ../clib/microlib/string/memcpy.c         0x00000000   Number         0  memcpya.o ABSOLUTE
    Libraries\CMSIS\CM3\CoreSupport\core_cm3.c 0x00000000   Number         0  core_cm3.o ABSOLUTE
    Libraries\CMSIS\CM3\DeviceSupport\ST\STM32F10x\startup\arm\startup_stm32f10x_md.s 0x00000000   Number         0  startup_stm32f10x_md.o ABSOLUTE
    Libraries\CMSIS\CM3\DeviceSupport\ST\STM32F10x\system_stm32f10x.c 0x00000000   Number         0  system_stm32f10x.o ABSOLUTE
    Libraries\STM32F10x_StdPeriph_Driver\src\misc.c 0x00000000   Number         0  misc.o ABSOLUTE
    Libraries\STM32F10x_StdPeriph_Driver\src\stm32f10x_adc.c 0x00000000   Number         0  stm32f10x_adc.o ABSOLUTE
    Libraries\STM32F10x_StdPeriph_Driver\src\stm32f10x_bkp.c 0x00000000   Number         0  stm32f10x_bkp.o ABSOLUTE
    Libraries\STM32F10x_StdPeriph_Driver\src\stm32f10x_can.c 0x00000000   Number         0  stm32f10x_can.o ABSOLUTE
    Libraries\STM32F10x_StdPeriph_Driver\src\stm32f10x_cec.c 0x00000000   Number         0  stm32f10x_cec.o ABSOLUTE
    Libraries\STM32F10x_StdPeriph_Driver\src\stm32f10x_crc.c 0x00000000   Number         0  stm32f10x_crc.o ABSOLUTE
    Libraries\STM32F10x_StdPeriph_Driver\src\stm32f10x_dac.c 0x00000000   Number         0  stm32f10x_dac.o ABSOLUTE
    Libraries\STM32F10x_StdPeriph_Driver\src\stm32f10x_dbgmcu.c 0x00000000   Number         0  stm32f10x_dbgmcu.o ABSOLUTE
    Libraries\STM32F10x_StdPeriph_Driver\src\stm32f10x_dma.c 0x00000000   Number         0  stm32f10x_dma.o ABSOLUTE
    Libraries\STM32F10x_StdPeriph_Driver\src\stm32f10x_exti.c 0x00000000   Number         0  stm32f10x_exti.o ABSOLUTE
    Libraries\STM32F10x_StdPeriph_Driver\src\stm32f10x_flash.c 0x00000000   Number         0  stm32f10x_flash.o ABSOLUTE
    Libraries\STM32F10x_StdPeriph_Driver\src\stm32f10x_fsmc.c 0x00000000   Number         0  stm32f10x_fsmc.o ABSOLUTE
    Libraries\STM32F10x_StdPeriph_Driver\src\stm32f10x_gpio.c 0x00000000   Number         0  stm32f10x_gpio.o ABSOLUTE
    Libraries\STM32F10x_StdPeriph_Driver\src\stm32f10x_i2c.c 0x00000000   Number         0  stm32f10x_i2c.o ABSOLUTE
    Libraries\STM32F10x_StdPeriph_Driver\src\stm32f10x_iwdg.c 0x00000000   Number         0  stm32f10x_iwdg.o ABSOLUTE
    Libraries\STM32F10x_StdPeriph_Driver\src\stm32f10x_pwr.c 0x00000000   Number         0  stm32f10x_pwr.o ABSOLUTE
    Libraries\STM32F10x_StdPeriph_Driver\src\stm32f10x_rcc.c 0x00000000   Number         0  stm32f10x_rcc.o ABSOLUTE
    Libraries\STM32F10x_StdPeriph_Driver\src\stm32f10x_rtc.c 0x00000000   Number         0  stm32f10x_rtc.o ABSOLUTE
    Libraries\STM32F10x_StdPeriph_Driver\src\stm32f10x_sdio.c 0x00000000   Number         0  stm32f10x_sdio.o ABSOLUTE
    Libraries\STM32F10x_StdPeriph_Driver\src\stm32f10x_spi.c 0x00000000   Number         0  stm32f10x_spi.o ABSOLUTE
    Libraries\STM32F10x_StdPeriph_Driver\src\stm32f10x_tim.c 0x00000000   Number         0  stm32f10x_tim.o ABSOLUTE
    Libraries\STM32F10x_StdPeriph_Driver\src\stm32f10x_usart.c 0x00000000   Number         0  stm32f10x_usart.o ABSOLUTE
    Libraries\STM32F10x_StdPeriph_Driver\src\stm32f10x_wwdg.c 0x00000000   Number         0  stm32f10x_wwdg.o ABSOLUTE
    Libraries\\CMSIS\\CM3\\CoreSupport\\core_cm3.c 0x00000000   Number         0  core_cm3.o ABSOLUTE
    dc.s                                     0x00000000   Number         0  dc.o ABSOLUTE
    handlers.s                               0x00000000   Number         0  handlers.o ABSOLUTE
    init.s                                   0x00000000   Number         0  init.o ABSOLUTE
    user\DMA.c                               0x00000000   Number         0  dma.o ABSOLUTE
    user\GPIOx.c                             0x00000000   Number         0  gpiox.o ABSOLUTE
    user\NVIC.c                              0x00000000   Number         0  nvic.o ABSOLUTE
    user\TIMx.c                              0x00000000   Number         0  timx.o ABSOLUTE
    user\USARTx.c                            0x00000000   Number         0  usartx.o ABSOLUTE
    user\delay.c                             0x00000000   Number         0  delay.o ABSOLUTE
    user\main.c                              0x00000000   Number         0  main.o ABSOLUTE
    user\printf.c                            0x00000000   Number         0  printf.o ABSOLUTE
    user\stm32f10x_it.c                      0x00000000   Number         0  stm32f10x_it.o ABSOLUTE
    RESET                                    0x08000000   Section      236  startup_stm32f10x_md.o(RESET)
    .ARM.Collect$$$$00000000                 0x080000ec   Section        0  entry.o(.ARM.Collect$$$$00000000)
    .ARM.Collect$$$$00000001                 0x080000ec   Section        4  entry2.o(.ARM.Collect$$$$00000001)
    .ARM.Collect$$$$00000004                 0x080000f0   Section        4  entry5.o(.ARM.Collect$$$$00000004)
    .ARM.Collect$$$$00000008                 0x080000f4   Section        0  entry7b.o(.ARM.Collect$$$$00000008)
    .ARM.Collect$$$$0000000A                 0x080000f4   Section        0  entry8b.o(.ARM.Collect$$$$0000000A)
    .ARM.Collect$$$$0000000B                 0x080000f4   Section        8  entry9a.o(.ARM.Collect$$$$0000000B)
    .ARM.Collect$$$$0000000D                 0x080000fc   Section        0  entry10a.o(.ARM.Collect$$$$0000000D)
    .ARM.Collect$$$$0000000F                 0x080000fc   Section        0  entry11a.o(.ARM.Collect$$$$0000000F)
    .ARM.Collect$$$$00002712                 0x080000fc   Section        4  entry2.o(.ARM.Collect$$$$00002712)
    __lit__00000000                          0x080000fc   Data           4  entry2.o(.ARM.Collect$$$$00002712)
    .text                                    0x08000100   Section        0  system_stm32f10x.o(.text)
    SetSysClockTo72                          0x08000101   Thumb Code   214  system_stm32f10x.o(.text)
    SetSysClock                              0x080001d7   Thumb Code     8  system_stm32f10x.o(.text)
    .text                                    0x080002e0   Section       36  startup_stm32f10x_md.o(.text)
    .text                                    0x08000304   Section        0  misc.o(.text)
    .text                                    0x080003e0   Section        0  stm32f10x_bkp.o(.text)
    .text                                    0x080004a4   Section        0  stm32f10x_dma.o(.text)
    .text                                    0x080006f8   Section        0  stm32f10x_exti.o(.text)
    .text                                    0x08000814   Section        0  stm32f10x_flash.o(.text)
    .text                                    0x08000dd0   Section        0  stm32f10x_gpio.o(.text)
    .text                                    0x0800112c   Section        0  stm32f10x_pwr.o(.text)
    .text                                    0x080011f8   Section        0  stm32f10x_rcc.o(.text)
    .text                                    0x0800159c   Section        0  stm32f10x_rtc.o(.text)
    .text                                    0x080016e4   Section        0  stm32f10x_tim.o(.text)
    TI4_Config                               0x08001b8b   Thumb Code   130  stm32f10x_tim.o(.text)
    TI3_Config                               0x08001c1f   Thumb Code   122  stm32f10x_tim.o(.text)
    TI2_Config                               0x08001cb3   Thumb Code   130  stm32f10x_tim.o(.text)
    TI1_Config                               0x08001d47   Thumb Code   108  stm32f10x_tim.o(.text)
    .text                                    0x08002500   Section        0  stm32f10x_usart.o(.text)
    .text                                    0x08002908   Section        0  main.o(.text)
    .text                                    0x08002c1c   Section        0  stm32f10x_it.o(.text)
    .text                                    0x08002e2c   Section        0  delay.o(.text)
    .text                                    0x08002e9c   Section        0  dma.o(.text)
    .text                                    0x0800306c   Section        0  timx.o(.text)
    .text                                    0x080033a0   Section        0  gpiox.o(.text)
    .text                                    0x080035d8   Section        0  nvic.o(.text)
    .text                                    0x08003768   Section        0  memcpya.o(.text)
    .text                                    0x0800378c   Section       36  init.o(.text)
    i.__scatterload_copy                     0x080037b0   Section       14  handlers.o(i.__scatterload_copy)
    i.__scatterload_null                     0x080037be   Section        2  handlers.o(i.__scatterload_null)
    i.__scatterload_zeroinit                 0x080037c0   Section       14  handlers.o(i.__scatterload_zeroinit)
    .data                                    0x20000000   Section       20  system_stm32f10x.o(.data)
    .data                                    0x20000014   Section       20  stm32f10x_rcc.o(.data)
    APBAHBPrescTable                         0x20000014   Data          16  stm32f10x_rcc.o(.data)
    ADCPrescTable                            0x20000024   Data           4  stm32f10x_rcc.o(.data)
    .data                                    0x20000028   Section       14  main.o(.data)
    .data                                    0x20000038   Section       12  dma.o(.data)
    .bss                                     0x20000044   Section       40  dma.o(.bss)
    STACK                                    0x20000070   Section     1024  startup_stm32f10x_md.o(STACK)

    Global Symbols

    Symbol Name                              Value     Ov Type        Size  Object(Section)

    BuildAttributes$$THM_ISAv4$P$D$K$B$S$PE$A:L22UL41UL21$X:L11$S22US41US21$IEEE1$IW$USESV6$~STKCKD$USESV7$~SHL$OSPACE$EBA8$MICROLIB$REQ8$PRES8$EABIv2 0x00000000   Number         0  anon$$obj.o ABSOLUTE
    __ARM_use_no_argv                        0x00000000   Number         0  main.o ABSOLUTE
    __cpp_initialize__aeabi_                  - Undefined Weak Reference
    __cxa_finalize                            - Undefined Weak Reference
    __decompress                              - Undefined Weak Reference
    _clock_init                               - Undefined Weak Reference
    _microlib_exit                            - Undefined Weak Reference
    __Vectors_Size                           0x000000ec   Number         0  startup_stm32f10x_md.o ABSOLUTE
    __Vectors                                0x08000000   Data           4  startup_stm32f10x_md.o(RESET)
    __Vectors_End                            0x080000ec   Data           0  startup_stm32f10x_md.o(RESET)
    __main                                   0x080000ed   Thumb Code     0  entry.o(.ARM.Collect$$$$00000000)
    _main_stk                                0x080000ed   Thumb Code     0  entry2.o(.ARM.Collect$$$$00000001)
    _main_scatterload                        0x080000f1   Thumb Code     0  entry5.o(.ARM.Collect$$$$00000004)
    __main_after_scatterload                 0x080000f5   Thumb Code     0  entry5.o(.ARM.Collect$$$$00000004)
    _main_clock                              0x080000f5   Thumb Code     0  entry7b.o(.ARM.Collect$$$$00000008)
    _main_cpp_init                           0x080000f5   Thumb Code     0  entry8b.o(.ARM.Collect$$$$0000000A)
    _main_init                               0x080000f5   Thumb Code     0  entry9a.o(.ARM.Collect$$$$0000000B)
    __rt_final_cpp                           0x080000fd   Thumb Code     0  entry10a.o(.ARM.Collect$$$$0000000D)
    __rt_final_exit                          0x080000fd   Thumb Code     0  entry11a.o(.ARM.Collect$$$$0000000F)
    SystemInit                               0x080001df   Thumb Code    78  system_stm32f10x.o(.text)
    SystemCoreClockUpdate                    0x0800022d   Thumb Code   142  system_stm32f10x.o(.text)
    Reset_Handler                            0x080002e1   Thumb Code     8  startup_stm32f10x_md.o(.text)
    ADC1_2_IRQHandler                        0x080002fb   Thumb Code     0  startup_stm32f10x_md.o(.text)
    CAN1_RX1_IRQHandler                      0x080002fb   Thumb Code     0  startup_stm32f10x_md.o(.text)
    CAN1_SCE_IRQHandler                      0x080002fb   Thumb Code     0  startup_stm32f10x_md.o(.text)
    DMA1_Channel1_IRQHandler                 0x080002fb   Thumb Code     0  startup_stm32f10x_md.o(.text)
    DMA1_Channel2_IRQHandler                 0x080002fb   Thumb Code     0  startup_stm32f10x_md.o(.text)
    DMA1_Channel3_IRQHandler                 0x080002fb   Thumb Code     0  startup_stm32f10x_md.o(.text)
    DMA1_Channel4_IRQHandler                 0x080002fb   Thumb Code     0  startup_stm32f10x_md.o(.text)
    DMA1_Channel5_IRQHandler                 0x080002fb   Thumb Code     0  startup_stm32f10x_md.o(.text)
    DMA1_Channel6_IRQHandler                 0x080002fb   Thumb Code     0  startup_stm32f10x_md.o(.text)
    EXTI15_10_IRQHandler                     0x080002fb   Thumb Code     0  startup_stm32f10x_md.o(.text)
    EXTI3_IRQHandler                         0x080002fb   Thumb Code     0  startup_stm32f10x_md.o(.text)
    EXTI4_IRQHandler                         0x080002fb   Thumb Code     0  startup_stm32f10x_md.o(.text)
    EXTI9_5_IRQHandler                       0x080002fb   Thumb Code     0  startup_stm32f10x_md.o(.text)
    FLASH_IRQHandler                         0x080002fb   Thumb Code     0  startup_stm32f10x_md.o(.text)
    I2C1_ER_IRQHandler                       0x080002fb   Thumb Code     0  startup_stm32f10x_md.o(.text)
    I2C1_EV_IRQHandler                       0x080002fb   Thumb Code     0  startup_stm32f10x_md.o(.text)
    I2C2_ER_IRQHandler                       0x080002fb   Thumb Code     0  startup_stm32f10x_md.o(.text)
    I2C2_EV_IRQHandler                       0x080002fb   Thumb Code     0  startup_stm32f10x_md.o(.text)
    PVD_IRQHandler                           0x080002fb   Thumb Code     0  startup_stm32f10x_md.o(.text)
    RCC_IRQHandler                           0x080002fb   Thumb Code     0  startup_stm32f10x_md.o(.text)
    RTCAlarm_IRQHandler                      0x080002fb   Thumb Code     0  startup_stm32f10x_md.o(.text)
    RTC_IRQHandler                           0x080002fb   Thumb Code     0  startup_stm32f10x_md.o(.text)
    SPI1_IRQHandler                          0x080002fb   Thumb Code     0  startup_stm32f10x_md.o(.text)
    SPI2_IRQHandler                          0x080002fb   Thumb Code     0  startup_stm32f10x_md.o(.text)
    TAMPER_IRQHandler                        0x080002fb   Thumb Code     0  startup_stm32f10x_md.o(.text)
    TIM1_BRK_IRQHandler                      0x080002fb   Thumb Code     0  startup_stm32f10x_md.o(.text)
    TIM1_CC_IRQHandler                       0x080002fb   Thumb Code     0  startup_stm32f10x_md.o(.text)
    TIM1_TRG_COM_IRQHandler                  0x080002fb   Thumb Code     0  startup_stm32f10x_md.o(.text)
    USBWakeUp_IRQHandler                     0x080002fb   Thumb Code     0  startup_stm32f10x_md.o(.text)
    USB_HP_CAN1_TX_IRQHandler                0x080002fb   Thumb Code     0  startup_stm32f10x_md.o(.text)
    USB_LP_CAN1_RX0_IRQHandler               0x080002fb   Thumb Code     0  startup_stm32f10x_md.o(.text)
    WWDG_IRQHandler                          0x080002fb   Thumb Code     0  startup_stm32f10x_md.o(.text)
    NVIC_PriorityGroupConfig                 0x08000305   Thumb Code    10  misc.o(.text)
    NVIC_Init                                0x0800030f   Thumb Code   100  misc.o(.text)
    NVIC_SetVectorTable                      0x08000373   Thumb Code    14  misc.o(.text)
    NVIC_SystemLPConfig                      0x08000381   Thumb Code    34  misc.o(.text)
    SysTick_CLKSourceConfig                  0x080003a3   Thumb Code    40  misc.o(.text)
    BKP_DeInit                               0x080003e1   Thumb Code    16  stm32f10x_bkp.o(.text)
    BKP_TamperPinLevelConfig                 0x080003f1   Thumb Code     6  stm32f10x_bkp.o(.text)
    BKP_TamperPinCmd                         0x080003f7   Thumb Code     8  stm32f10x_bkp.o(.text)
    BKP_ITConfig                             0x080003ff   Thumb Code     8  stm32f10x_bkp.o(.text)
    BKP_RTCOutputConfig                      0x08000407   Thumb Code    22  stm32f10x_bkp.o(.text)
    BKP_SetRTCCalibrationValue               0x0800041d   Thumb Code    22  stm32f10x_bkp.o(.text)
    BKP_WriteBackupRegister                  0x08000433   Thumb Code    24  stm32f10x_bkp.o(.text)
    BKP_ReadBackupRegister                   0x0800044b   Thumb Code    26  stm32f10x_bkp.o(.text)
    BKP_GetFlagStatus                        0x08000465   Thumb Code    10  stm32f10x_bkp.o(.text)
    BKP_ClearFlag                            0x0800046f   Thumb Code    18  stm32f10x_bkp.o(.text)
    BKP_GetITStatus                          0x08000481   Thumb Code    10  stm32f10x_bkp.o(.text)
    BKP_ClearITPendingBit                    0x0800048b   Thumb Code    18  stm32f10x_bkp.o(.text)
    DMA_DeInit                               0x080004a5   Thumb Code   324  stm32f10x_dma.o(.text)
    DMA_Init                                 0x080005e9   Thumb Code    60  stm32f10x_dma.o(.text)
    DMA_StructInit                           0x08000625   Thumb Code    26  stm32f10x_dma.o(.text)
    DMA_Cmd                                  0x0800063f   Thumb Code    24  stm32f10x_dma.o(.text)
    DMA_ITConfig                             0x08000657   Thumb Code    18  stm32f10x_dma.o(.text)
    DMA_SetCurrDataCounter                   0x08000669   Thumb Code     4  stm32f10x_dma.o(.text)
    DMA_GetCurrDataCounter                   0x0800066d   Thumb Code     8  stm32f10x_dma.o(.text)
    DMA_GetFlagStatus                        0x08000675   Thumb Code    40  stm32f10x_dma.o(.text)
    DMA_ClearFlag                            0x0800069d   Thumb Code    22  stm32f10x_dma.o(.text)
    DMA_GetITStatus                          0x080006b3   Thumb Code    40  stm32f10x_dma.o(.text)
    DMA_ClearITPendingBit                    0x080006db   Thumb Code    22  stm32f10x_dma.o(.text)
    EXTI_DeInit                              0x080006f9   Thumb Code    28  stm32f10x_exti.o(.text)
    EXTI_Init                                0x08000715   Thumb Code   142  stm32f10x_exti.o(.text)
    EXTI_StructInit                          0x080007a3   Thumb Code    16  stm32f10x_exti.o(.text)
    EXTI_GenerateSWInterrupt                 0x080007b3   Thumb Code    16  stm32f10x_exti.o(.text)
    EXTI_GetFlagStatus                       0x080007c3   Thumb Code    22  stm32f10x_exti.o(.text)
    EXTI_ClearFlag                           0x080007d9   Thumb Code     8  stm32f10x_exti.o(.text)
    EXTI_GetITStatus                         0x080007e1   Thumb Code    34  stm32f10x_exti.o(.text)
    EXTI_ClearITPendingBit                   0x08000803   Thumb Code     8  stm32f10x_exti.o(.text)
    FLASH_SetLatency                         0x08000815   Thumb Code    18  stm32f10x_flash.o(.text)
    FLASH_HalfCycleAccessCmd                 0x08000827   Thumb Code    22  stm32f10x_flash.o(.text)
    FLASH_PrefetchBufferCmd                  0x0800083d   Thumb Code    22  stm32f10x_flash.o(.text)
    FLASH_Unlock                             0x08000853   Thumb Code    12  stm32f10x_flash.o(.text)
    FLASH_UnlockBank1                        0x0800085f   Thumb Code    12  stm32f10x_flash.o(.text)
    FLASH_Lock                               0x0800086b   Thumb Code    14  stm32f10x_flash.o(.text)
    FLASH_LockBank1                          0x08000879   Thumb Code    14  stm32f10x_flash.o(.text)
    FLASH_GetBank1Status                     0x08000887   Thumb Code    48  stm32f10x_flash.o(.text)
    FLASH_WaitForLastOperation               0x080008b7   Thumb Code    38  stm32f10x_flash.o(.text)
    FLASH_ErasePage                          0x080008dd   Thumb Code    72  stm32f10x_flash.o(.text)
    FLASH_EraseAllPages                      0x08000925   Thumb Code    68  stm32f10x_flash.o(.text)
    FLASH_WaitForLastBank1Operation          0x08000969   Thumb Code    38  stm32f10x_flash.o(.text)
    FLASH_EraseAllBank1Pages                 0x0800098f   Thumb Code    68  stm32f10x_flash.o(.text)
    FLASH_GetReadOutProtectionStatus         0x080009d3   Thumb Code    20  stm32f10x_flash.o(.text)
    FLASH_EraseOptionBytes                   0x080009e7   Thumb Code   150  stm32f10x_flash.o(.text)
    FLASH_ProgramWord                        0x08000a7d   Thumb Code   102  stm32f10x_flash.o(.text)
    FLASH_ProgramHalfWord                    0x08000ae3   Thumb Code    60  stm32f10x_flash.o(.text)
    FLASH_ProgramOptionByteData              0x08000b1f   Thumb Code    72  stm32f10x_flash.o(.text)
    FLASH_EnableWriteProtection              0x08000b67   Thumb Code   200  stm32f10x_flash.o(.text)
    FLASH_ReadOutProtection                  0x08000c2f   Thumb Code   156  stm32f10x_flash.o(.text)
    FLASH_UserOptionByteConfig               0x08000ccb   Thumb Code    88  stm32f10x_flash.o(.text)
    FLASH_GetUserOptionByte                  0x08000d23   Thumb Code     8  stm32f10x_flash.o(.text)
    FLASH_GetWriteProtectionOptionByte       0x08000d2b   Thumb Code     6  stm32f10x_flash.o(.text)
    FLASH_GetPrefetchBufferStatus            0x08000d31   Thumb Code    20  stm32f10x_flash.o(.text)
    FLASH_ITConfig                           0x08000d45   Thumb Code    26  stm32f10x_flash.o(.text)
    FLASH_GetFlagStatus                      0x08000d5f   Thumb Code    42  stm32f10x_flash.o(.text)
    FLASH_ClearFlag                          0x08000d89   Thumb Code     6  stm32f10x_flash.o(.text)
    FLASH_GetStatus                          0x08000d8f   Thumb Code    48  stm32f10x_flash.o(.text)
    GPIO_DeInit                              0x08000dd1   Thumb Code   172  stm32f10x_gpio.o(.text)
    GPIO_AFIODeInit                          0x08000e7d   Thumb Code    20  stm32f10x_gpio.o(.text)
    GPIO_Init                                0x08000e91   Thumb Code   278  stm32f10x_gpio.o(.text)
    GPIO_StructInit                          0x08000fa7   Thumb Code    16  stm32f10x_gpio.o(.text)
    GPIO_ReadInputDataBit                    0x08000fb7   Thumb Code    18  stm32f10x_gpio.o(.text)
    GPIO_ReadInputData                       0x08000fc9   Thumb Code     8  stm32f10x_gpio.o(.text)
    GPIO_ReadOutputDataBit                   0x08000fd1   Thumb Code    18  stm32f10x_gpio.o(.text)
    GPIO_ReadOutputData                      0x08000fe3   Thumb Code     8  stm32f10x_gpio.o(.text)
    GPIO_SetBits                             0x08000feb   Thumb Code     4  stm32f10x_gpio.o(.text)
    GPIO_ResetBits                           0x08000fef   Thumb Code     4  stm32f10x_gpio.o(.text)
    GPIO_WriteBit                            0x08000ff3   Thumb Code    10  stm32f10x_gpio.o(.text)
    GPIO_Write                               0x08000ffd   Thumb Code     4  stm32f10x_gpio.o(.text)
    GPIO_PinLockConfig                       0x08001001   Thumb Code    18  stm32f10x_gpio.o(.text)
    GPIO_EventOutputConfig                   0x08001013   Thumb Code    26  stm32f10x_gpio.o(.text)
    GPIO_EventOutputCmd                      0x0800102d   Thumb Code     6  stm32f10x_gpio.o(.text)
    GPIO_PinRemapConfig                      0x08001033   Thumb Code   138  stm32f10x_gpio.o(.text)
    GPIO_EXTILineConfig                      0x080010bd   Thumb Code    66  stm32f10x_gpio.o(.text)
    GPIO_ETH_MediaInterfaceConfig            0x080010ff   Thumb Code     8  stm32f10x_gpio.o(.text)
    PWR_DeInit                               0x0800112d   Thumb Code    22  stm32f10x_pwr.o(.text)
    PWR_BackupAccessCmd                      0x08001143   Thumb Code     6  stm32f10x_pwr.o(.text)
    PWR_PVDCmd                               0x08001149   Thumb Code     6  stm32f10x_pwr.o(.text)
    PWR_PVDLevelConfig                       0x0800114f   Thumb Code    18  stm32f10x_pwr.o(.text)
    PWR_WakeUpPinCmd                         0x08001161   Thumb Code     8  stm32f10x_pwr.o(.text)
    PWR_EnterSTOPMode                        0x08001169   Thumb Code    54  stm32f10x_pwr.o(.text)
    PWR_EnterSTANDBYMode                     0x0800119f   Thumb Code    42  stm32f10x_pwr.o(.text)
    PWR_GetFlagStatus                        0x080011c9   Thumb Code    20  stm32f10x_pwr.o(.text)
    PWR_ClearFlag                            0x080011dd   Thumb Code    14  stm32f10x_pwr.o(.text)
    RCC_DeInit                               0x080011f9   Thumb Code    64  stm32f10x_rcc.o(.text)
    RCC_HSEConfig                            0x08001239   Thumb Code    70  stm32f10x_rcc.o(.text)
    RCC_GetFlagStatus                        0x0800127f   Thumb Code    56  stm32f10x_rcc.o(.text)
    RCC_WaitForHSEStartUp                    0x080012b7   Thumb Code    56  stm32f10x_rcc.o(.text)
    RCC_AdjustHSICalibrationValue            0x080012ef   Thumb Code    20  stm32f10x_rcc.o(.text)
    RCC_HSICmd                               0x08001303   Thumb Code     6  stm32f10x_rcc.o(.text)
    RCC_PLLConfig                            0x08001309   Thumb Code    24  stm32f10x_rcc.o(.text)
    RCC_PLLCmd                               0x08001321   Thumb Code     6  stm32f10x_rcc.o(.text)
    RCC_SYSCLKConfig                         0x08001327   Thumb Code    18  stm32f10x_rcc.o(.text)
    RCC_GetSYSCLKSource                      0x08001339   Thumb Code    10  stm32f10x_rcc.o(.text)
    RCC_HCLKConfig                           0x08001343   Thumb Code    18  stm32f10x_rcc.o(.text)
    RCC_PCLK1Config                          0x08001355   Thumb Code    18  stm32f10x_rcc.o(.text)
    RCC_PCLK2Config                          0x08001367   Thumb Code    20  stm32f10x_rcc.o(.text)
    RCC_ITConfig                             0x0800137b   Thumb Code    26  stm32f10x_rcc.o(.text)
    RCC_USBCLKConfig                         0x08001395   Thumb Code     8  stm32f10x_rcc.o(.text)
    RCC_ADCCLKConfig                         0x0800139d   Thumb Code    18  stm32f10x_rcc.o(.text)
    RCC_LSEConfig                            0x080013af   Thumb Code    50  stm32f10x_rcc.o(.text)
    RCC_LSICmd                               0x080013e1   Thumb Code     6  stm32f10x_rcc.o(.text)
    RCC_RTCCLKConfig                         0x080013e7   Thumb Code    12  stm32f10x_rcc.o(.text)
    RCC_RTCCLKCmd                            0x080013f3   Thumb Code     8  stm32f10x_rcc.o(.text)
    RCC_GetClocksFreq                        0x080013fb   Thumb Code   192  stm32f10x_rcc.o(.text)
    RCC_AHBPeriphClockCmd                    0x080014bb   Thumb Code    26  stm32f10x_rcc.o(.text)
    RCC_APB2PeriphClockCmd                   0x080014d5   Thumb Code    26  stm32f10x_rcc.o(.text)
    RCC_APB1PeriphClockCmd                   0x080014ef   Thumb Code    26  stm32f10x_rcc.o(.text)
    RCC_APB2PeriphResetCmd                   0x08001509   Thumb Code    26  stm32f10x_rcc.o(.text)
    RCC_APB1PeriphResetCmd                   0x08001523   Thumb Code    26  stm32f10x_rcc.o(.text)
    RCC_BackupResetCmd                       0x0800153d   Thumb Code     8  stm32f10x_rcc.o(.text)
    RCC_ClockSecuritySystemCmd               0x08001545   Thumb Code     6  stm32f10x_rcc.o(.text)
    RCC_MCOConfig                            0x0800154b   Thumb Code     6  stm32f10x_rcc.o(.text)
    RCC_ClearFlag                            0x08001551   Thumb Code    14  stm32f10x_rcc.o(.text)
    RCC_GetITStatus                          0x0800155f   Thumb Code    20  stm32f10x_rcc.o(.text)
    RCC_ClearITPendingBit                    0x08001573   Thumb Code     6  stm32f10x_rcc.o(.text)
    RTC_ITConfig                             0x0800159d   Thumb Code    26  stm32f10x_rtc.o(.text)
    RTC_EnterConfigMode                      0x080015b7   Thumb Code    18  stm32f10x_rtc.o(.text)
    RTC_ExitConfigMode                       0x080015c9   Thumb Code    20  stm32f10x_rtc.o(.text)
    RTC_GetCounter                           0x080015dd   Thumb Code    18  stm32f10x_rtc.o(.text)
    RTC_SetCounter                           0x080015ef   Thumb Code    26  stm32f10x_rtc.o(.text)
    RTC_SetPrescaler                         0x08001609   Thumb Code    28  stm32f10x_rtc.o(.text)
    RTC_SetAlarm                             0x08001625   Thumb Code    26  stm32f10x_rtc.o(.text)
    RTC_GetDivider                           0x0800163f   Thumb Code    22  stm32f10x_rtc.o(.text)
    RTC_WaitForLastTask                      0x08001655   Thumb Code    18  stm32f10x_rtc.o(.text)
    RTC_WaitForSynchro                       0x08001667   Thumb Code    36  stm32f10x_rtc.o(.text)
    RTC_GetFlagStatus                        0x0800168b   Thumb Code    22  stm32f10x_rtc.o(.text)
    RTC_ClearFlag                            0x080016a1   Thumb Code    16  stm32f10x_rtc.o(.text)
    RTC_GetITStatus                          0x080016b1   Thumb Code    32  stm32f10x_rtc.o(.text)
    RTC_ClearITPendingBit                    0x080016d1   Thumb Code    16  stm32f10x_rtc.o(.text)
    TIM_DeInit                               0x080016e5   Thumb Code   424  stm32f10x_tim.o(.text)
    TIM_TimeBaseInit                         0x0800188d   Thumb Code   122  stm32f10x_tim.o(.text)
    TIM_OC1Init                              0x08001907   Thumb Code   132  stm32f10x_tim.o(.text)
    TIM_OC2Init                              0x0800198b   Thumb Code   154  stm32f10x_tim.o(.text)
    TIM_OC3Init                              0x08001a25   Thumb Code   150  stm32f10x_tim.o(.text)
    TIM_OC4Init                              0x08001abb   Thumb Code   182  stm32f10x_tim.o(.text)
    TIM_SetIC4Prescaler                      0x08001b71   Thumb Code    26  stm32f10x_tim.o(.text)
    TIM_SetIC3Prescaler                      0x08001c0d   Thumb Code    18  stm32f10x_tim.o(.text)
    TIM_SetIC2Prescaler                      0x08001c99   Thumb Code    26  stm32f10x_tim.o(.text)
    TIM_SetIC1Prescaler                      0x08001d35   Thumb Code    18  stm32f10x_tim.o(.text)
    TIM_ICInit                               0x08001db3   Thumb Code   150  stm32f10x_tim.o(.text)
    TIM_PWMIConfig                           0x08001e49   Thumb Code   124  stm32f10x_tim.o(.text)
    TIM_BDTRConfig                           0x08001ec5   Thumb Code    32  stm32f10x_tim.o(.text)
    TIM_TimeBaseStructInit                   0x08001ee5   Thumb Code    18  stm32f10x_tim.o(.text)
    TIM_OCStructInit                         0x08001ef7   Thumb Code    20  stm32f10x_tim.o(.text)
    TIM_ICStructInit                         0x08001f0b   Thumb Code    18  stm32f10x_tim.o(.text)
    TIM_BDTRStructInit                       0x08001f1d   Thumb Code    40  stm32f10x_tim.o(.text)
    TIM_Cmd                                  0x08001f45   Thumb Code    24  stm32f10x_tim.o(.text)
    TIM_CtrlPWMOutputs                       0x08001f5d   Thumb Code    30  stm32f10x_tim.o(.text)
    TIM_ITConfig                             0x08001f7b   Thumb Code    18  stm32f10x_tim.o(.text)
    TIM_GenerateEvent                        0x08001f8d   Thumb Code     4  stm32f10x_tim.o(.text)
    TIM_DMAConfig                            0x08001f91   Thumb Code    10  stm32f10x_tim.o(.text)
    TIM_DMACmd                               0x08001f9b   Thumb Code    18  stm32f10x_tim.o(.text)
    TIM_InternalClockConfig                  0x08001fad   Thumb Code    12  stm32f10x_tim.o(.text)
    TIM_SelectInputTrigger                   0x08001fb9   Thumb Code    18  stm32f10x_tim.o(.text)
    TIM_ITRxExternalClockConfig              0x08001fcb   Thumb Code    24  stm32f10x_tim.o(.text)
    TIM_TIxExternalClockConfig               0x08001fe3   Thumb Code    62  stm32f10x_tim.o(.text)
    TIM_ETRConfig                            0x08002021   Thumb Code    28  stm32f10x_tim.o(.text)
    TIM_ETRClockMode1Config                  0x0800203d   Thumb Code    54  stm32f10x_tim.o(.text)
    TIM_ETRClockMode2Config                  0x08002073   Thumb Code    32  stm32f10x_tim.o(.text)
    TIM_PrescalerConfig                      0x08002093   Thumb Code     6  stm32f10x_tim.o(.text)
    TIM_CounterModeConfig                    0x08002099   Thumb Code    18  stm32f10x_tim.o(.text)
    TIM_EncoderInterfaceConfig               0x080020ab   Thumb Code    66  stm32f10x_tim.o(.text)
    TIM_ForcedOC1Config                      0x080020ed   Thumb Code    18  stm32f10x_tim.o(.text)
    TIM_ForcedOC2Config                      0x080020ff   Thumb Code    26  stm32f10x_tim.o(.text)
    TIM_ForcedOC3Config                      0x08002119   Thumb Code    18  stm32f10x_tim.o(.text)
    TIM_ForcedOC4Config                      0x0800212b   Thumb Code    26  stm32f10x_tim.o(.text)
    TIM_ARRPreloadConfig                     0x08002145   Thumb Code    24  stm32f10x_tim.o(.text)
    TIM_SelectCOM                            0x0800215d   Thumb Code    24  stm32f10x_tim.o(.text)
    TIM_SelectCCDMA                          0x08002175   Thumb Code    24  stm32f10x_tim.o(.text)
    TIM_CCPreloadControl                     0x0800218d   Thumb Code    24  stm32f10x_tim.o(.text)
    TIM_OC1PreloadConfig                     0x080021a5   Thumb Code    18  stm32f10x_tim.o(.text)
    TIM_OC2PreloadConfig                     0x080021b7   Thumb Code    26  stm32f10x_tim.o(.text)
    TIM_OC3PreloadConfig                     0x080021d1   Thumb Code    18  stm32f10x_tim.o(.text)
    TIM_OC4PreloadConfig                     0x080021e3   Thumb Code    26  stm32f10x_tim.o(.text)
    TIM_OC1FastConfig                        0x080021fd   Thumb Code    18  stm32f10x_tim.o(.text)
    TIM_OC2FastConfig                        0x0800220f   Thumb Code    26  stm32f10x_tim.o(.text)
    TIM_OC3FastConfig                        0x08002229   Thumb Code    18  stm32f10x_tim.o(.text)
    TIM_OC4FastConfig                        0x0800223b   Thumb Code    26  stm32f10x_tim.o(.text)
    TIM_ClearOC1Ref                          0x08002255   Thumb Code    18  stm32f10x_tim.o(.text)
    TIM_ClearOC2Ref                          0x08002267   Thumb Code    24  stm32f10x_tim.o(.text)
    TIM_ClearOC3Ref                          0x0800227f   Thumb Code    18  stm32f10x_tim.o(.text)
    TIM_ClearOC4Ref                          0x08002291   Thumb Code    24  stm32f10x_tim.o(.text)
    TIM_OC1PolarityConfig                    0x080022a9   Thumb Code    18  stm32f10x_tim.o(.text)
    TIM_OC1NPolarityConfig                   0x080022bb   Thumb Code    18  stm32f10x_tim.o(.text)
    TIM_OC2PolarityConfig                    0x080022cd   Thumb Code    26  stm32f10x_tim.o(.text)
    TIM_OC2NPolarityConfig                   0x080022e7   Thumb Code    26  stm32f10x_tim.o(.text)
    TIM_OC3PolarityConfig                    0x08002301   Thumb Code    26  stm32f10x_tim.o(.text)
    TIM_OC3NPolarityConfig                   0x0800231b   Thumb Code    26  stm32f10x_tim.o(.text)
    TIM_OC4PolarityConfig                    0x08002335   Thumb Code    26  stm32f10x_tim.o(.text)
    TIM_CCxCmd                               0x0800234f   Thumb Code    30  stm32f10x_tim.o(.text)
    TIM_CCxNCmd                              0x0800236d   Thumb Code    30  stm32f10x_tim.o(.text)
    TIM_SelectOCxM                           0x0800238b   Thumb Code    82  stm32f10x_tim.o(.text)
    TIM_UpdateDisableConfig                  0x080023dd   Thumb Code    24  stm32f10x_tim.o(.text)
    TIM_UpdateRequestConfig                  0x080023f5   Thumb Code    24  stm32f10x_tim.o(.text)
    TIM_SelectHallSensor                     0x0800240d   Thumb Code    24  stm32f10x_tim.o(.text)
    TIM_SelectOnePulseMode                   0x08002425   Thumb Code    18  stm32f10x_tim.o(.text)
    TIM_SelectOutputTrigger                  0x08002437   Thumb Code    18  stm32f10x_tim.o(.text)
    TIM_SelectSlaveMode                      0x08002449   Thumb Code    18  stm32f10x_tim.o(.text)
    TIM_SelectMasterSlaveMode                0x0800245b   Thumb Code    18  stm32f10x_tim.o(.text)
    TIM_SetCounter                           0x0800246d   Thumb Code     4  stm32f10x_tim.o(.text)
    TIM_SetAutoreload                        0x08002471   Thumb Code     4  stm32f10x_tim.o(.text)
    TIM_SetCompare1                          0x08002475   Thumb Code     4  stm32f10x_tim.o(.text)
    TIM_SetCompare2                          0x08002479   Thumb Code     4  stm32f10x_tim.o(.text)
    TIM_SetCompare3                          0x0800247d   Thumb Code     4  stm32f10x_tim.o(.text)
    TIM_SetCompare4                          0x08002481   Thumb Code     6  stm32f10x_tim.o(.text)
    TIM_SetClockDivision                     0x08002487   Thumb Code    18  stm32f10x_tim.o(.text)
    TIM_GetCapture1                          0x08002499   Thumb Code     6  stm32f10x_tim.o(.text)
    TIM_GetCapture2                          0x0800249f   Thumb Code     6  stm32f10x_tim.o(.text)
    TIM_GetCapture3                          0x080024a5   Thumb Code     6  stm32f10x_tim.o(.text)
    TIM_GetCapture4                          0x080024ab   Thumb Code     8  stm32f10x_tim.o(.text)
    TIM_GetCounter                           0x080024b3   Thumb Code     6  stm32f10x_tim.o(.text)
    TIM_GetPrescaler                         0x080024b9   Thumb Code     6  stm32f10x_tim.o(.text)
    TIM_GetFlagStatus                        0x080024bf   Thumb Code    18  stm32f10x_tim.o(.text)
    TIM_ClearFlag                            0x080024d1   Thumb Code     6  stm32f10x_tim.o(.text)
    TIM_GetITStatus                          0x080024d7   Thumb Code    34  stm32f10x_tim.o(.text)
    TIM_ClearITPendingBit                    0x080024f9   Thumb Code     6  stm32f10x_tim.o(.text)
    USART_DeInit                             0x08002501   Thumb Code   134  stm32f10x_usart.o(.text)
    USART_Init                               0x08002587   Thumb Code   210  stm32f10x_usart.o(.text)
    USART_StructInit                         0x08002659   Thumb Code    24  stm32f10x_usart.o(.text)
    USART_ClockInit                          0x08002671   Thumb Code    34  stm32f10x_usart.o(.text)
    USART_ClockStructInit                    0x08002693   Thumb Code    12  stm32f10x_usart.o(.text)
    USART_Cmd                                0x0800269f   Thumb Code    24  stm32f10x_usart.o(.text)
    USART_ITConfig                           0x080026b7   Thumb Code    74  stm32f10x_usart.o(.text)
    USART_DMACmd                             0x08002701   Thumb Code    18  stm32f10x_usart.o(.text)
    USART_SetAddress                         0x08002713   Thumb Code    18  stm32f10x_usart.o(.text)
    USART_WakeUpConfig                       0x08002725   Thumb Code    18  stm32f10x_usart.o(.text)
    USART_ReceiverWakeUpCmd                  0x08002737   Thumb Code    24  stm32f10x_usart.o(.text)
    USART_LINBreakDetectLengthConfig         0x0800274f   Thumb Code    18  stm32f10x_usart.o(.text)
    USART_LINCmd                             0x08002761   Thumb Code    24  stm32f10x_usart.o(.text)
    USART_SendData                           0x08002779   Thumb Code     8  stm32f10x_usart.o(.text)
    USART_ReceiveData                        0x08002781   Thumb Code    10  stm32f10x_usart.o(.text)
    USART_SendBreak                          0x0800278b   Thumb Code    10  stm32f10x_usart.o(.text)
    USART_SetGuardTime                       0x08002795   Thumb Code    16  stm32f10x_usart.o(.text)
    USART_SetPrescaler                       0x080027a5   Thumb Code    16  stm32f10x_usart.o(.text)
    USART_SmartCardCmd                       0x080027b5   Thumb Code    24  stm32f10x_usart.o(.text)
    USART_SmartCardNACKCmd                   0x080027cd   Thumb Code    24  stm32f10x_usart.o(.text)
    USART_HalfDuplexCmd                      0x080027e5   Thumb Code    24  stm32f10x_usart.o(.text)
    USART_OverSampling8Cmd                   0x080027fd   Thumb Code    22  stm32f10x_usart.o(.text)
    USART_OneBitMethodCmd                    0x08002813   Thumb Code    24  stm32f10x_usart.o(.text)
    USART_IrDAConfig                         0x0800282b   Thumb Code    18  stm32f10x_usart.o(.text)
    USART_IrDACmd                            0x0800283d   Thumb Code    24  stm32f10x_usart.o(.text)
    USART_GetFlagStatus                      0x08002855   Thumb Code    26  stm32f10x_usart.o(.text)
    USART_ClearFlag                          0x0800286f   Thumb Code    18  stm32f10x_usart.o(.text)
    USART_GetITStatus                        0x08002881   Thumb Code    84  stm32f10x_usart.o(.text)
    USART_ClearITPendingBit                  0x080028d5   Thumb Code    52  stm32f10x_usart.o(.text)
    Delay_Ms                                 0x08002909   Thumb Code    28  main.o(.text)
    RCC_Configuration                        0x08002925   Thumb Code   100  main.o(.text)
    main                                     0x08002989   Thumb Code   430  main.o(.text)
    RTC_configuration                        0x08002b37   Thumb Code    86  main.o(.text)
    KeyRead                                  0x08002b8d   Thumb Code    28  main.o(.text)
    delay_1s                                 0x08002ba9   Thumb Code    40  main.o(.text)
    NMI_Handler                              0x08002c1d   Thumb Code     2  stm32f10x_it.o(.text)
    HardFault_Handler                        0x08002c1f   Thumb Code     4  stm32f10x_it.o(.text)
    MemManage_Handler                        0x08002c23   Thumb Code     4  stm32f10x_it.o(.text)
    BusFault_Handler                         0x08002c27   Thumb Code     4  stm32f10x_it.o(.text)
    UsageFault_Handler                       0x08002c2b   Thumb Code     4  stm32f10x_it.o(.text)
    SVC_Handler                              0x08002c2f   Thumb Code     2  stm32f10x_it.o(.text)
    DebugMon_Handler                         0x08002c31   Thumb Code     2  stm32f10x_it.o(.text)
    PendSV_Handler                           0x08002c33   Thumb Code     2  stm32f10x_it.o(.text)
    SysTick_Handler                          0x08002c35   Thumb Code     2  stm32f10x_it.o(.text)
    TIM4_IRQHandler                          0x08002c37   Thumb Code    36  stm32f10x_it.o(.text)
    TIM3_IRQHandler                          0x08002c5b   Thumb Code     2  stm32f10x_it.o(.text)
    TIM2_IRQHandler                          0x08002c5d   Thumb Code     2  stm32f10x_it.o(.text)
    TIM1_UP_IRQHandler                       0x08002c5f   Thumb Code    52  stm32f10x_it.o(.text)
    USART1_IRQHandler                        0x08002c93   Thumb Code    36  stm32f10x_it.o(.text)
    DMA1_Channel7_IRQHandler                 0x08002cb7   Thumb Code    24  stm32f10x_it.o(.text)
    USART3_IRQHandler                        0x08002ccf   Thumb Code     2  stm32f10x_it.o(.text)
    USART2_IRQHandler                        0x08002cd1   Thumb Code    34  stm32f10x_it.o(.text)
    EXTI0_IRQHandler                         0x08002cf3   Thumb Code    84  stm32f10x_it.o(.text)
    EXTI1_IRQHandler                         0x08002d47   Thumb Code    88  stm32f10x_it.o(.text)
    EXTI2_IRQHandler                         0x08002d9f   Thumb Code    88  stm32f10x_it.o(.text)
    delay_us                                 0x08002e2d   Thumb Code    54  delay.o(.text)
    delay_ms                                 0x08002e63   Thumb Code    56  delay.o(.text)
    USART_DMA_Init                           0x08002e9d   Thumb Code   198  dma.o(.text)
    LumMod_Uart_DAM_Tx_Over                  0x08002f63   Thumb Code    28  dma.o(.text)
    LumMod_Uart_Start_DMA_Tx                 0x08002f7f   Thumb Code    20  dma.o(.text)
    LumMod_Cmd_WriteParam                    0x08002f93   Thumb Code   128  dma.o(.text)
    LumMod_Uart_DMA_Rx_Data                  0x08003013   Thumb Code    60  dma.o(.text)
    Motor_Init                               0x0800306d   Thumb Code   420  timx.o(.text)
    TIM1_TIM2_PWM                            0x08003211   Thumb Code   188  timx.o(.text)
    TIM3_Configuration                       0x080032cd   Thumb Code   102  timx.o(.text)
    TIM4_Configuration                       0x08003333   Thumb Code    92  timx.o(.text)
    GPIO_Configuration                       0x080033a1   Thumb Code   544  gpiox.o(.text)
    EXTI_Configuration                       0x080035d9   Thumb Code    74  nvic.o(.text)
    NVIC_Configuration                       0x08003623   Thumb Code   326  nvic.o(.text)
    __aeabi_memcpy                           0x08003769   Thumb Code    36  memcpya.o(.text)
    __aeabi_memcpy4                          0x08003769   Thumb Code     0  memcpya.o(.text)
    __aeabi_memcpy8                          0x08003769   Thumb Code     0  memcpya.o(.text)
    __scatterload                            0x0800378d   Thumb Code    28  init.o(.text)
    __scatterload_rt2                        0x0800378d   Thumb Code     0  init.o(.text)
    __scatterload_copy                       0x080037b1   Thumb Code    14  handlers.o(i.__scatterload_copy)
    __scatterload_null                       0x080037bf   Thumb Code     2  handlers.o(i.__scatterload_null)
    __scatterload_zeroinit                   0x080037c1   Thumb Code    14  handlers.o(i.__scatterload_zeroinit)
    Region$$Table$$Base                      0x080037d0   Number         0  anon$$obj.o(Region$$Table)
    Region$$Table$$Limit                     0x080037f0   Number         0  anon$$obj.o(Region$$Table)
    SystemCoreClock                          0x20000000   Data           4  system_stm32f10x.o(.data)
    AHBPrescTable                            0x20000004   Data          16  system_stm32f10x.o(.data)
    Delay_1s_Finishflag                      0x20000028   Data           1  main.o(.data)
    KeyTrg                                   0x20000029   Data           1  main.o(.data)
    KeyCont                                  0x2000002a   Data           1  main.o(.data)
    i                                        0x2000002c   Data           4  main.o(.data)
    EXIT0_CNT                                0x20000030   Data           2  main.o(.data)
    Motor1_OriginFlag                        0x20000032   Data           1  main.o(.data)
    Motor2_OriginFlag                        0x20000033   Data           1  main.o(.data)
    Motor3_OriginFlag                        0x20000034   Data           1  main.o(.data)
    Motor_Arrived                            0x20000035   Data           1  main.o(.data)
    LumMod_Rx_Data_index                     0x20000038   Data           4  dma.o(.data)
    LUMMOD_TX_BSIZE                          0x2000003c   Data           4  dma.o(.data)
    LUMMOD_RX_BSIZE                          0x20000040   Data           4  dma.o(.data)
    LumMod_Tx_Buf                            0x20000044   Data          20  dma.o(.bss)
    LumMod_Rx_Buf                            0x20000058   Data          20  dma.o(.bss)
    __initial_sp                             0x20000470   Data           0  startup_stm32f10x_md.o(STACK)



==============================================================================

Memory Map of the image

  Image Entry point : 0x080000ed

  Load Region LR_IROM1 (Base: 0x08000000, Size: 0x00003834, Max: 0x00010000, ABSOLUTE)

    Execution Region ER_IROM1 (Exec base: 0x08000000, Load base: 0x08000000, Size: 0x000037f0, Max: 0x00010000, ABSOLUTE)

    Exec Addr    Load Addr    Size         Type   Attr      Idx    E Section Name        Object

    0x08000000   0x08000000   0x000000ec   Data   RO          116    RESET               startup_stm32f10x_md.o
    0x080000ec   0x080000ec   0x00000000   Code   RO          575  * .ARM.Collect$$$$00000000  mc_w.l(entry.o)
    0x080000ec   0x080000ec   0x00000004   Code   RO          582    .ARM.Collect$$$$00000001  mc_w.l(entry2.o)
    0x080000f0   0x080000f0   0x00000004   Code   RO          585    .ARM.Collect$$$$00000004  mc_w.l(entry5.o)
    0x080000f4   0x080000f4   0x00000000   Code   RO          587    .ARM.Collect$$$$00000008  mc_w.l(entry7b.o)
    0x080000f4   0x080000f4   0x00000000   Code   RO          589    .ARM.Collect$$$$0000000A  mc_w.l(entry8b.o)
    0x080000f4   0x080000f4   0x00000008   Code   RO          590    .ARM.Collect$$$$0000000B  mc_w.l(entry9a.o)
    0x080000fc   0x080000fc   0x00000000   Code   RO          592    .ARM.Collect$$$$0000000D  mc_w.l(entry10a.o)
    0x080000fc   0x080000fc   0x00000000   Code   RO          594    .ARM.Collect$$$$0000000F  mc_w.l(entry11a.o)
    0x080000fc   0x080000fc   0x00000004   Code   RO          583    .ARM.Collect$$$$00002712  mc_w.l(entry2.o)
    0x08000100   0x08000100   0x000001e0   Code   RO            1    .text               system_stm32f10x.o
    0x080002e0   0x080002e0   0x00000024   Code   RO          117    .text               startup_stm32f10x_md.o
    0x08000304   0x08000304   0x000000dc   Code   RO          121    .text               misc.o
    0x080003e0   0x080003e0   0x000000c4   Code   RO          168    .text               stm32f10x_bkp.o
    0x080004a4   0x080004a4   0x00000254   Code   RO          240    .text               stm32f10x_dma.o
    0x080006f8   0x080006f8   0x0000011c   Code   RO          252    .text               stm32f10x_exti.o
    0x08000814   0x08000814   0x000005bc   Code   RO          264    .text               stm32f10x_flash.o
    0x08000dd0   0x08000dd0   0x0000035c   Code   RO          288    .text               stm32f10x_gpio.o
    0x0800112c   0x0800112c   0x000000cc   Code   RO          324    .text               stm32f10x_pwr.o
    0x080011f8   0x080011f8   0x000003a4   Code   RO          336    .text               stm32f10x_rcc.o
    0x0800159c   0x0800159c   0x00000148   Code   RO          350    .text               stm32f10x_rtc.o
    0x080016e4   0x080016e4   0x00000e1a   Code   RO          386    .text               stm32f10x_tim.o
    0x080024fe   0x080024fe   0x00000002   PAD
    0x08002500   0x08002500   0x00000408   Code   RO          398    .text               stm32f10x_usart.o
    0x08002908   0x08002908   0x00000314   Code   RO          422    .text               main.o
    0x08002c1c   0x08002c1c   0x00000210   Code   RO          465    .text               stm32f10x_it.o
    0x08002e2c   0x08002e2c   0x0000006e   Code   RO          496    .text               delay.o
    0x08002e9a   0x08002e9a   0x00000002   PAD
    0x08002e9c   0x08002e9c   0x000001d0   Code   RO          508    .text               dma.o
    0x0800306c   0x0800306c   0x00000334   Code   RO          527    .text               timx.o
    0x080033a0   0x080033a0   0x00000238   Code   RO          539    .text               gpiox.o
    0x080035d8   0x080035d8   0x00000190   Code   RO          551    .text               nvic.o
    0x08003768   0x08003768   0x00000024   Code   RO          578    .text               mc_w.l(memcpya.o)
    0x0800378c   0x0800378c   0x00000024   Code   RO          596    .text               mc_w.l(init.o)
    0x080037b0   0x080037b0   0x0000000e   Code   RO          600    i.__scatterload_copy  mc_w.l(handlers.o)
    0x080037be   0x080037be   0x00000002   Code   RO          601    i.__scatterload_null  mc_w.l(handlers.o)
    0x080037c0   0x080037c0   0x0000000e   Code   RO          602    i.__scatterload_zeroinit  mc_w.l(handlers.o)
    0x080037ce   0x080037ce   0x00000002   PAD
    0x080037d0   0x080037d0   0x00000020   Data   RO          598    Region$$Table       anon$$obj.o


    Execution Region RW_IRAM1 (Exec base: 0x20000000, Load base: 0x080037f0, Size: 0x00000470, Max: 0x00005000, ABSOLUTE)

    Exec Addr    Load Addr    Size         Type   Attr      Idx    E Section Name        Object

    0x20000000   0x080037f0   0x00000014   Data   RW            2    .data               system_stm32f10x.o
    0x20000014   0x08003804   0x00000014   Data   RW          337    .data               stm32f10x_rcc.o
    0x20000028   0x08003818   0x0000000e   Data   RW          423    .data               main.o
    0x20000036   0x08003826   0x00000002   PAD
    0x20000038   0x08003828   0x0000000c   Data   RW          510    .data               dma.o
    0x20000044        -       0x00000028   Zero   RW          509    .bss                dma.o
    0x2000006c   0x08003834   0x00000004   PAD
    0x20000070        -       0x00000400   Zero   RW          114    STACK               startup_stm32f10x_md.o


==============================================================================

Image component sizes


      Code (inc. data)   RO Data    RW Data    ZI Data      Debug   Object Name

         0          0          0          0          0         32   core_cm3.o
       110          0          0          0          0        736   delay.o
       464         30          0         12         40       2511   dma.o
       568         24          0          0          0        885   gpiox.o
       788         76          0         14          0       2402   main.o
       220         22          0          0          0     207941   misc.o
       400          0          0          0          0        996   nvic.o
        36          8        236          0       1024        928   startup_stm32f10x_md.o
       196          8          0          0          0       3720   stm32f10x_bkp.o
       596          8          0          0          0       4586   stm32f10x_dma.o
       284         10          0          0          0       2479   stm32f10x_exti.o
      1468         34          0          0          0       8426   stm32f10x_flash.o
       860         38          0          0          0       5953   stm32f10x_gpio.o
       528         54          0          0          0       2847   stm32f10x_it.o
       204         14          0          0          0       2051   stm32f10x_pwr.o
       932         36          0         20          0       9216   stm32f10x_rcc.o
       328          4          0          0          0       2826   stm32f10x_rtc.o
      3610         88          0          0          0      23064   stm32f10x_tim.o
      1032         22          0          0          0       8676   stm32f10x_usart.o
       480         38          0         20          0      67323   system_stm32f10x.o
       820         18          0          0          0       2097   timx.o

    ----------------------------------------------------------------------
     13928        532        268         68       1068     359695   Object Totals
         0          0         32          0          0          0   (incl. Generated)
         4          0          0          2          4          0   (incl. Padding)

    ----------------------------------------------------------------------

      Code (inc. data)   RO Data    RW Data    ZI Data      Debug   Library Member Name

         0          0          0          0          0          0   entry.o
         0          0          0          0          0          0   entry10a.o
         0          0          0          0          0          0   entry11a.o
         8          4          0          0          0          0   entry2.o
         4          0          0          0          0          0   entry5.o
         0          0          0          0          0          0   entry7b.o
         0          0          0          0          0          0   entry8b.o
         8          4          0          0          0          0   entry9a.o
        30          0          0          0          0          0   handlers.o
        36          8          0          0          0         68   init.o
        36          0          0          0          0         68   memcpya.o

    ----------------------------------------------------------------------
       124         16          0          0          0        136   Library Totals
         2          0          0          0          0          0   (incl. Padding)

    ----------------------------------------------------------------------

      Code (inc. data)   RO Data    RW Data    ZI Data      Debug   Library Name

       122         16          0          0          0        136   mc_w.l

    ----------------------------------------------------------------------
       124         16          0          0          0        136   Library Totals

    ----------------------------------------------------------------------

==============================================================================


      Code (inc. data)   RO Data    RW Data    ZI Data      Debug   

     14052        548        268         68       1068     357851   Grand Totals
     14052        548        268         68       1068     357851   ELF Image Totals
     14052        548        268         68          0          0   ROM Totals

==============================================================================

    Total RO  Size (Code + RO Data)                14320 (  13.98kB)
    Total RW  Size (RW Data + ZI Data)              1136 (   1.11kB)
    Total ROM Size (Code + RO Data + RW Data)      14388 (  14.05kB)

==============================================================================

