Component: ARM Compiler 5.06 update 4 (build 422) Tool: armlink [4d35d2]

==============================================================================

Section Cross References

    adc.o(i.ADC_Init) refers to adc.o(.data) for ChSel
    clk.o(i.SetPll) refers to clk.o(i.PLLSET) for PLLSET
    clk.o(i.SetPll) refers to clk.o(i.OPENPLL) for OPENPLL
    main.o(i.TIM6_T0_IRQHandler) refers to keyboard4x4.o(i.scan_MatrixKey) for scan_MatrixKey
    main.o(i.TIM6_T0_IRQHandler) refers to main.o(i.display_led) for display_led
    main.o(i.TIM6_T0_IRQHandler) refers to isr.o(.data) for Key_Value
    main.o(i.TIM6_T0_IRQHandler) refers to main.o(.data) for display_cache
    main.o(i._crol_) refers to main.o(i.delay_ms) for delay_ms
    main.o(i._cror_) refers to main.o(i.delay_ms) for delay_ms
    main.o(i.display_led) refers to main.o(.data) for disnum
    main.o(i.main) refers to _printf_percent.o(.ARM.Collect$$_printf_percent$$00000000) for _printf_percent
    main.o(i.main) refers to _printf_f.o(.ARM.Collect$$_printf_percent$$00000003) for _printf_f
    main.o(i.main) refers to printf1.o(x$fpl$printf1) for _printf_fp_dec
    main.o(i.main) refers to devinit.o(i.Device_Init) for Device_Init
    main.o(i.main) refers to etimer.o(i.TIM6_T0_Init) for TIM6_T0_Init
    main.o(i.main) refers to irq.o(i.IRQ_Init) for IRQ_Init
    main.o(i.main) refers to main.o(i.delay_ms) for delay_ms
    main.o(i.main) refers to lcd12864.o(i.LCD_GPIO_Init) for LCD_GPIO_Init
    main.o(i.main) refers to lcd12864.o(i.lcd_init) for lcd_init
    main.o(i.main) refers to lcd12864.o(i.lcd_clear) for lcd_clear
    main.o(i.main) refers to lcd12864.o(i.lcd_wstr) for lcd_wstr
    main.o(i.main) refers to lcd12864.o(i.write_figer) for write_figer
    main.o(i.main) refers to delay.o(i.ST_delay_ms) for ST_delay_ms
    main.o(i.main) refers to ds18b20.o(i.DS18B20_Get_Temp) for DS18B20_Get_Temp
    main.o(i.main) refers to ffixui.o(.text) for __aeabi_f2uiz
    main.o(i.main) refers to f2d.o(.text) for __aeabi_f2d
    main.o(i.main) refers to noretval__2printf.o(.text) for __2printf
    main.o(i.main) refers to isr.o(.data) for Key_Value
    main.o(i.main) refers to main.o(.data) for i
    pwm.o(i.PWM_Init) refers to pwm.o(i.PWM_CFG) for PWM_CFG
    gpio.o(i.GPIO_AF_SEL) refers to gpio.o(i.__ARM_common_switch8) for __ARM_common_switch8
    gpio.o(i.GPIO_DRV_SEL) refers to gpio.o(i.__ARM_common_switch8) for __ARM_common_switch8
    gpio.o(i.GPIO_Init) refers to gpio.o(i.GPIO_AF_SEL) for GPIO_AF_SEL
    gpio.o(i.GPIO_Init) refers to gpio.o(i.GPIO_PUPD_SEL) for GPIO_PUPD_SEL
    gpio.o(i.GPIO_OD_SEL) refers to gpio.o(i.__ARM_common_switch8) for __ARM_common_switch8
    gpio.o(i.GPIO_PUPD_SEL) refers to gpio.o(i.__ARM_common_switch8) for __ARM_common_switch8
    irq.o(i.IRQ_Disable) refers to irq.o(i.__NVIC_DisableIRQ) for __NVIC_DisableIRQ
    irq.o(i.IRQ_Enable) refers to irq.o(i.__NVIC_EnableIRQ) for __NVIC_EnableIRQ
    irq.o(i.IRQ_Init) refers to irq.o(i.__NVIC_ClearPendingIRQ) for __NVIC_ClearPendingIRQ
    irq.o(i.IRQ_Init) refers to irq.o(i.__NVIC_SetPriority) for __NVIC_SetPriority
    isr.o(i.GPIO0_IRQHandler) refers to main.o(i.delay_ms) for delay_ms
    isr.o(i.GPIO0_IRQHandler) refers to isr.o(i.__NVIC_ClearPendingIRQ) for __NVIC_ClearPendingIRQ
    isr.o(i.SysTick_Handler) refers to main.o(i.delay_ms) for delay_ms
    isr.o(i.SysTick_Handler) refers to isr.o(i.__NVIC_ClearPendingIRQ) for __NVIC_ClearPendingIRQ
    uart0.o(i.ReadUartBuf) refers to uart0.o(i.UartRevFunc) for UartRevFunc
    uart0.o(i.ReadUartBuf) refers to uart0.o(.bss) for Uart
    uart0.o(i.SendResponse) refers to uart0.o(i.UartSendByte) for UartSendByte
    uart0.o(i.SendResponse) refers to uart0.o(.bss) for Uart
    uart0.o(i.UART0_IRQHandler) refers to uart0.o(.bss) for Uart
    uart0.o(i.UartRevFunc) refers to uart0.o(.bss) for Uart
    uart0.o(i.UartSendByte) refers to uart0.o(.bss) for Uart
    uart0.o(i.UartSendStart) refers to uart0.o(.bss) for Uart
    uart0.o(i.UartSendString) refers to uart0.o(.bss) for Uart
    uart0.o(i.UartSentUint32ToASCII) refers to uart0.o(i.UartSendByte) for UartSendByte
    uart1.o(i.ReadUart1Buf) refers to uart1.o(i.Uart1RevFunc) for Uart1RevFunc
    uart1.o(i.ReadUart1Buf) refers to uart1.o(.bss) for Uart1
    uart1.o(i.Send1Response) refers to uart1.o(i.Uart1SendByte) for Uart1SendByte
    uart1.o(i.Send1Response) refers to uart1.o(.bss) for Uart1
    uart1.o(i.UART1_IRQHandler) refers to uart1.o(.bss) for Uart1
    uart1.o(i.Uart1RevFunc) refers to uart1.o(.bss) for Uart1
    uart1.o(i.Uart1SendByte) refers to uart1.o(.bss) for Uart1
    uart1.o(i.Uart1SendStart) refers to uart1.o(.bss) for Uart1
    uart1.o(i.Uart1SendString) refers to uart1.o(.bss) for Uart1
    devinit.o(i.Device_Init) refers to clk.o(i.SetPll) for SetPll
    devinit.o(i.Device_Init) refers to gpio.o(i.GPIO_Init) for GPIO_Init
    devinit.o(i.Device_Init) refers to irq.o(i.IRQ_Init) for IRQ_Init
[...]
    sys_stackheap_outer.o(.text) refers to libspace.o(.text) for __user_perproc_libspace
    sys_stackheap_outer.o(.text) refers to startup_sc32f5832.o(.text) for __user_initial_stackheap
    sys_stackheap_outer.o(__vectab_stack_and_reset_area) refers to tempstk.o(.text) for __temporary_stack_top
    sys_stackheap_outer.o(__vectab_stack_and_reset_area) refers to __main.o(!!!main) for __main
    exit.o(.text) refers to rtexit.o(.ARM.Collect$$rtexit$$00000000) for __rt_exit
    defsig_fpe_outer.o(.text) refers to defsig_fpe_inner.o(.text) for __rt_SIGFPE_inner
    defsig_fpe_outer.o(.text) refers to defsig_exit.o(.text) for __sig_exit
    defsig_fpe_formal.o(.text) refers to rt_raise.o(.text) for __rt_raise
    libinit.o(.ARM.Collect$$libinit$$00000000) refers (Special) to libinit2.o(.ARM.Collect$$libinit$$0000002E) for __rt_lib_init_alloca_1
    libinit.o(.ARM.Collect$$libinit$$00000000) refers (Special) to libinit2.o(.ARM.Collect$$libinit$$0000002C) for __rt_lib_init_argv_1
    libinit.o(.ARM.Collect$$libinit$$00000000) refers (Special) to libinit2.o(.ARM.Collect$$libinit$$0000001B) for __rt_lib_init_atexit_1
    libinit.o(.ARM.Collect$$libinit$$00000000) refers (Special) to libinit2.o(.ARM.Collect$$libinit$$00000021) for __rt_lib_init_clock_1
    libinit.o(.ARM.Collect$$libinit$$00000000) refers (Special) to libinit2.o(.ARM.Collect$$libinit$$00000032) for __rt_lib_init_cpp_1
    libinit.o(.ARM.Collect$$libinit$$00000000) refers (Special) to libinit2.o(.ARM.Collect$$libinit$$00000030) for __rt_lib_init_exceptions_1
    libinit.o(.ARM.Collect$$libinit$$00000000) refers (Special) to libinit2.o(.ARM.Collect$$libinit$$00000002) for __rt_lib_init_fp_1
    libinit.o(.ARM.Collect$$libinit$$00000000) refers (Special) to libinit2.o(.ARM.Collect$$libinit$$0000001F) for __rt_lib_init_fp_trap_1
    libinit.o(.ARM.Collect$$libinit$$00000000) refers (Special) to libinit2.o(.ARM.Collect$$libinit$$00000023) for __rt_lib_init_getenv_1
    libinit.o(.ARM.Collect$$libinit$$00000000) refers (Special) to libinit2.o(.ARM.Collect$$libinit$$0000000A) for __rt_lib_init_heap_1
    libinit.o(.ARM.Collect$$libinit$$00000000) refers (Special) to libinit2.o(.ARM.Collect$$libinit$$00000011) for __rt_lib_init_lc_collate_1
    libinit.o(.ARM.Collect$$libinit$$00000000) refers (Special) to libinit2.o(.ARM.Collect$$libinit$$00000013) for __rt_lib_init_lc_ctype_1
    libinit.o(.ARM.Collect$$libinit$$00000000) refers (Special) to libinit2.o(.ARM.Collect$$libinit$$00000015) for __rt_lib_init_lc_monetary_1
    libinit.o(.ARM.Collect$$libinit$$00000000) refers (Special) to libinit2.o(.ARM.Collect$$libinit$$00000017) for __rt_lib_init_lc_numeric_1
    libinit.o(.ARM.Collect$$libinit$$00000000) refers (Special) to libinit2.o(.ARM.Collect$$libinit$$00000019) for __rt_lib_init_lc_time_1
    libinit.o(.ARM.Collect$$libinit$$00000000) refers (Special) to libinit2.o(.ARM.Collect$$libinit$$00000004) for __rt_lib_init_preinit_1
    libinit.o(.ARM.Collect$$libinit$$00000000) refers (Special) to libinit2.o(.ARM.Collect$$libinit$$0000000E) for __rt_lib_init_rand_1
    libinit.o(.ARM.Collect$$libinit$$00000000) refers (Special) to libinit2.o(.ARM.Collect$$libinit$$00000033) for __rt_lib_init_return
    libinit.o(.ARM.Collect$$libinit$$00000000) refers (Special) to libinit2.o(.ARM.Collect$$libinit$$0000001D) for __rt_lib_init_signal_1
    libinit.o(.ARM.Collect$$libinit$$00000000) refers (Special) to libinit2.o(.ARM.Collect$$libinit$$00000025) for __rt_lib_init_stdio_1
    libinit.o(.ARM.Collect$$libinit$$00000000) refers (Special) to libinit2.o(.ARM.Collect$$libinit$$0000000C) for __rt_lib_init_user_alloc_1
    libinit2.o(.ARM.Collect$$libinit$$0000000F) refers (Weak) to rt_locale_intlibspace.o(.text) for __rt_locale
    libinit2.o(.ARM.Collect$$libinit$$00000010) refers to libinit2.o(.ARM.Collect$$libinit$$0000000F) for .ARM.Collect$$libinit$$0000000F
    libinit2.o(.ARM.Collect$$libinit$$00000012) refers to libinit2.o(.ARM.Collect$$libinit$$0000000F) for .ARM.Collect$$libinit$$0000000F
    libinit2.o(.ARM.Collect$$libinit$$00000014) refers to libinit2.o(.ARM.Collect$$libinit$$0000000F) for .ARM.Collect$$libinit$$0000000F
    libinit2.o(.ARM.Collect$$libinit$$00000016) refers to libinit2.o(.ARM.Collect$$libinit$$0000000F) for .ARM.Collect$$libinit$$0000000F
    libinit2.o(.ARM.Collect$$libinit$$00000016) refers (Weak) to lc_numeric_c.o(locale$$code) for _get_lc_numeric
    libinit2.o(.ARM.Collect$$libinit$$00000018) refers to libinit2.o(.ARM.Collect$$libinit$$0000000F) for .ARM.Collect$$libinit$$0000000F
    libinit2.o(.ARM.Collect$$libinit$$00000026) refers to argv_veneer.o(.text) for __ARM_argv_veneer
    libinit2.o(.ARM.Collect$$libinit$$00000027) refers to argv_veneer.o(.text) for __ARM_argv_veneer
    rtexit.o(.ARM.Collect$$rtexit$$00000000) refers (Special) to rtexit2.o(.ARM.Collect$$rtexit$$00000004) for __rt_exit_exit
    rtexit.o(.ARM.Collect$$rtexit$$00000000) refers (Special) to rtexit2.o(.ARM.Collect$$rtexit$$00000003) for __rt_exit_ls
    rtexit.o(.ARM.Collect$$rtexit$$00000000) refers (Special) to rtexit2.o(.ARM.Collect$$rtexit$$00000002) for __rt_exit_prels_1
    rtexit.o(.ARM.exidx) refers (Special) to rtexit2.o(.ARM.Collect$$rtexit$$00000004) for __rt_exit_exit
    rtexit.o(.ARM.exidx) refers (Special) to rtexit2.o(.ARM.Collect$$rtexit$$00000003) for __rt_exit_ls
    rtexit.o(.ARM.exidx) refers (Special) to rtexit2.o(.ARM.Collect$$rtexit$$00000002) for __rt_exit_prels_1
    rtexit.o(.ARM.exidx) refers to rtexit.o(.ARM.Collect$$rtexit$$00000000) for .ARM.Collect$$rtexit$$00000000
    rt_raise.o(.text) refers to __raise.o(.text) for __raise
    rt_raise.o(.text) refers to printf.o(i._sys_exit) for _sys_exit
    defsig_exit.o(.text) refers to printf.o(i._sys_exit) for _sys_exit
    defsig_fpe_inner.o(.text) refers to defsig_general.o(.text) for __default_signal_display
    rtexit2.o(.ARM.Collect$$rtexit$$00000003) refers to libshutdown.o(.ARM.Collect$$libshutdown$$00000000) for __rt_lib_shutdown
    rtexit2.o(.ARM.Collect$$rtexit$$00000004) refers to printf.o(i._sys_exit) for _sys_exit
    rtexit2.o(.ARM.exidx) refers to rtexit2.o(.ARM.Collect$$rtexit$$00000001) for .ARM.Collect$$rtexit$$00000001
    rtexit2.o(.ARM.exidx) refers to rtexit2.o(.ARM.Collect$$rtexit$$00000003) for .ARM.Collect$$rtexit$$00000003
    rtexit2.o(.ARM.exidx) refers to rtexit2.o(.ARM.Collect$$rtexit$$00000004) for .ARM.Collect$$rtexit$$00000004
    __raise.o(.text) refers to defsig.o(CL$$defsig) for __default_signal_handler
    defsig_general.o(.text) refers to sys_wrch.o(.text) for _ttywrch
    _get_argv_nomalloc.o(.text) refers (Special) to hrguard.o(.text) for __heap_region$guard
    _get_argv_nomalloc.o(.text) refers to defsig_rtmem_outer.o(.text) for __rt_SIGRTMEM
    _get_argv_nomalloc.o(.text) refers to sys_command.o(.text) for _sys_command_string
    sys_wrch.o(.text) refers (Special) to use_no_semi.o(.text) for __I$use$semihosting
    sys_wrch.o(.text) refers (Special) to indicate_semi.o(.text) for __semihosting_library_function
    sys_command.o(.text) refers (Special) to use_no_semi.o(.text) for __I$use$semihosting
    sys_command.o(.text) refers (Special) to indicate_semi.o(.text) for __semihosting_library_function
    defsig_rtmem_outer.o(.text) refers to defsig_rtmem_inner.o(.text) for __rt_SIGRTMEM_inner
    defsig_rtmem_outer.o(.text) refers to defsig_exit.o(.text) for __sig_exit
    defsig_rtmem_formal.o(.text) refers to rt_raise.o(.text) for __rt_raise
    defsig.o(CL$$defsig) refers to defsig_fpe_inner.o(.text) for __rt_SIGFPE_inner
    defsig.o(CL$$defsig) refers to defsig_rtmem_inner.o(.text) for __rt_SIGRTMEM_inner
    libshutdown.o(.ARM.Collect$$libshutdown$$00000000) refers (Special) to libshutdown2.o(.ARM.Collect$$libshutdown$$00000002) for __rt_lib_shutdown_cpp_1
    libshutdown.o(.ARM.Collect$$libshutdown$$00000000) refers (Special) to libshutdown2.o(.ARM.Collect$$libshutdown$$00000007) for __rt_lib_shutdown_fp_trap_1
    libshutdown.o(.ARM.Collect$$libshutdown$$00000000) refers (Special) to libshutdown2.o(.ARM.Collect$$libshutdown$$0000000F) for __rt_lib_shutdown_heap_1
    libshutdown.o(.ARM.Collect$$libshutdown$$00000000) refers (Special) to libshutdown2.o(.ARM.Collect$$libshutdown$$00000010) for __rt_lib_shutdown_return
    libshutdown.o(.ARM.Collect$$libshutdown$$00000000) refers (Special) to libshutdown2.o(.ARM.Collect$$libshutdown$$0000000A) for __rt_lib_shutdown_signal_1
    libshutdown.o(.ARM.Collect$$libshutdown$$00000000) refers (Special) to libshutdown2.o(.ARM.Collect$$libshutdown$$00000004) for __rt_lib_shutdown_stdio_1
    libshutdown.o(.ARM.Collect$$libshutdown$$00000000) refers (Special) to libshutdown2.o(.ARM.Collect$$libshutdown$$0000000C) for __rt_lib_shutdown_user_alloc_1
    defsig_abrt_inner.o(.text) refers to defsig_general.o(.text) for __default_signal_display
    defsig_rtred_inner.o(.text) refers to defsig_general.o(.text) for __default_signal_display
    defsig_rtmem_inner.o(.text) refers to defsig_general.o(.text) for __default_signal_display
    defsig_stak_inner.o(.text) refers to defsig_general.o(.text) for __default_signal_display
    defsig_pvfn_inner.o(.text) refers to defsig_general.o(.text) for __default_signal_display
    defsig_cppl_inner.o(.text) refers to defsig_general.o(.text) for __default_signal_display
    defsig_segv_inner.o(.text) refers to defsig_general.o(.text) for __default_signal_display
    defsig_other.o(.text) refers to defsig_general.o(.text) for __default_signal_display


==============================================================================

Removing Unused input sections from the image.

    Removing adc.o(.rev16_text), (4 bytes).
    Removing adc.o(.revsh_text), (4 bytes).
    Removing adc.o(i.ADC_Init), (1900 bytes).
    Removing adc.o(.data), (192 bytes).
    Removing clk.o(.rev16_text), (4 bytes).
    Removing clk.o(.revsh_text), (4 bytes).
    Removing clk.o(i.OPENOSC), (132 bytes).
    Removing clk.o(i.OSCSET), (48 bytes).
    Removing clk.o(i.SetSysTick), (64 bytes).
    Removing etimer.o(.rev16_text), (4 bytes).
    Removing etimer.o(.revsh_text), (4 bytes).
    Removing etimer.o(i.T0_ENCODER_MODE), (100 bytes).
    Removing etimer.o(i.T0_Init_CAP), (272 bytes).
    Removing etimer.o(i.T0_Init_PWM), (292 bytes).
    Removing etimer.o(i.T0_PWM_MEASURE), (156 bytes).
    Removing etimer.o(i.TIM6_T1_Init), (60 bytes).
    Removing main.o(.rev16_text), (4 bytes).
    Removing main.o(.revsh_text), (4 bytes).
    Removing main.o(i._crol_), (76 bytes).
    Removing main.o(i._cror_), (68 bytes).
    Removing main.o(i.delay_us), (22 bytes).
    Removing pwm.o(.rev16_text), (4 bytes).
    Removing pwm.o(.revsh_text), (4 bytes).
    Removing pwm.o(i.PWM_CFG), (1044 bytes).
    Removing pwm.o(i.PWM_Init), (80 bytes).
    Removing gpio.o(.rev16_text), (4 bytes).
    Removing gpio.o(.revsh_text), (4 bytes).
    Removing gpio.o(i.GPIO_DRV_SEL), (428 bytes).
    Removing gpio.o(i.GPIO_OD_SEL), (428 bytes).
    Removing irq.o(.rev16_text), (4 bytes).
    Removing irq.o(.revsh_text), (4 bytes).
    Removing irq.o(i.IRQ_Disable), (78 bytes).
    Removing irq.o(i.__NVIC_DisableIRQ), (56 bytes).
    Removing isr.o(.rev16_text), (4 bytes).
    Removing isr.o(.revsh_text), (4 bytes).
    Removing uart0.o(.rev16_text), (4 bytes).
    Removing uart0.o(.revsh_text), (4 bytes).
    Removing uart0.o(i.ReadUartBuf), (80 bytes).
    Removing uart0.o(i.SendResponse), (976 bytes).
    Removing uart0.o(i.UartRevFunc), (316 bytes).
    Removing uart0.o(i.UartSendByte), (52 bytes).
    Removing uart0.o(i.UartSendStart), (80 bytes).
    Removing uart0.o(i.UartSendString), (64 bytes).
    Removing uart0.o(i.UartSentUint32ToASCII), (304 bytes).
    Removing uart1.o(.rev16_text), (4 bytes).
    Removing uart1.o(.revsh_text), (4 bytes).
    Removing uart1.o(i.ReadUart1Buf), (80 bytes).
    Removing uart1.o(i.Send1Response), (976 bytes).
    Removing uart1.o(i.Uart1RevFunc), (316 bytes).
    Removing uart1.o(i.Uart1SendByte), (52 bytes).
    Removing uart1.o(i.Uart1SendStart), (80 bytes).
    Removing uart1.o(i.Uart1SendString), (64 bytes).
    Removing uart1.o(i.Uart1_Init), (80 bytes).
    Removing devinit.o(.rev16_text), (4 bytes).
    Removing devinit.o(.revsh_text), (4 bytes).
    Removing cmp.o(.rev16_text), (4 bytes).
    Removing cmp.o(.revsh_text), (4 bytes).
    Removing cmp.o(i.CMP0_Init), (360 bytes).
    Removing cmp.o(i.CP10_Init), (244 bytes).
    Removing cmp.o(i.CP11_Init), (240 bytes).
    Removing cmp.o(i.CP12_Init), (240 bytes).
    Removing opa.o(.rev16_text), (4 bytes).
    Removing opa.o(.revsh_text), (4 bytes).
    Removing opa.o(i.OPA0_Init), (124 bytes).
    Removing opa.o(i.OPA1_Init), (140 bytes).
    Removing opa.o(i.OPA2_Init), (140 bytes).
    Removing opa.o(i.OPA3_Init), (140 bytes).
    Removing dma.o(.rev16_text), (4 bytes).
    Removing dma.o(.revsh_text), (4 bytes).
    Removing dma.o(i.DMA_CH0_ADC), (84 bytes).
    Removing dma.o(i.DMA_CH0_UART0TX), (80 bytes).
    Removing dma.o(i.DMA_CH1_UART0RX), (80 bytes).
    Removing dma.o(i.DMA_UART_INIT), (40 bytes).
    Removing dma.o(.bss), (64 bytes).
    Removing iap.o(.rev16_text), (4 bytes).
    Removing iap.o(.revsh_text), (4 bytes).
    Removing iap.o(i.EraseFlashSector), (100 bytes).
    Removing iap.o(i.FlashRead), (192 bytes).
    Removing iap.o(i.WriteFlashWord), (100 bytes).
    Removing wdt.o(.rev16_text), (4 bytes).
    Removing wdt.o(.revsh_text), (4 bytes).
    Removing wdt.o(i.WDT_Init), (116 bytes).
    Removing wdt.o(i.__NVIC_SetPriority), (120 bytes).
    Removing keyboard4x4.o(.rev16_text), (4 bytes).
    Removing keyboard4x4.o(.revsh_text), (4 bytes).
    Removing delay.o(.rev16_text), (4 bytes).
    Removing delay.o(.revsh_text), (4 bytes).
    Removing ds18b20.o(.rev16_text), (4 bytes).
    Removing ds18b20.o(.revsh_text), (4 bytes).
    Removing ds18b20.o(i.DS18B20_Init), (28 bytes).
    Removing printf.o(.rev16_text), (4 bytes).
    Removing printf.o(.revsh_text), (4 bytes).
    Removing lcd12864.o(.rev16_text), (4 bytes).
    Removing lcd12864.o(.revsh_text), (4 bytes).
    Removing system_sc32f5832.o(.rev16_text), (4 bytes).
    Removing system_sc32f5832.o(.revsh_text), (4 bytes).
    Removing system_sc32f5832.o(i.SystemCoreClockUpdate), (16 bytes).
    Removing system_sc32f5832.o(.data), (4 bytes).

98 unused section(s) (total 11844 bytes) removed from the image.

==============================================================================

Image Symbol Table

    Local Symbols

    Symbol Name                              Value     Ov Type        Size  Object(Section)

    RESET                                    0x00000000   Section      516  startup_sc32f5832.o(RESET)
    ../clib/angel/boardlib.s                 0x00000000   Number         0  boardinit1.o ABSOLUTE
    ../clib/angel/boardlib.s                 0x00000000   Number         0  boardinit2.o ABSOLUTE
    ../clib/angel/boardlib.s                 0x00000000   Number         0  boardshut.o ABSOLUTE
    ../clib/angel/boardlib.s                 0x00000000   Number         0  boardinit3.o ABSOLUTE
    ../clib/angel/handlers.s                 0x00000000   Number         0  __scatter_zi.o ABSOLUTE
    ../clib/angel/handlers.s                 0x00000000   Number         0  __scatter_copy.o ABSOLUTE
    ../clib/angel/kernel.s                   0x00000000   Number         0  __rtentry4.o ABSOLUTE
    ../clib/angel/kernel.s                   0x00000000   Number         0  __rtentry.o ABSOLUTE
    ../clib/angel/kernel.s                   0x00000000   Number         0  rtexit2.o ABSOLUTE
    ../clib/angel/kernel.s                   0x00000000   Number         0  __rtentry2.o ABSOLUTE
    ../clib/angel/kernel.s                   0x00000000   Number         0  rtexit.o ABSOLUTE
    ../clib/angel/rt.s                       0x00000000   Number         0  rt_div0.o ABSOLUTE
    ../clib/angel/rt.s                       0x00000000   Number         0  aeabi_idiv0.o ABSOLUTE
    ../clib/angel/rt.s                       0x00000000   Number         0  rt_locale.o ABSOLUTE
    ../clib/angel/rt.s                       0x00000000   Number         0  rt_locale_intlibspace.o ABSOLUTE
    ../clib/angel/rt.s                       0x00000000   Number         0  aeabi_idiv0_sigfpe.o ABSOLUTE
    ../clib/angel/rt.s                       0x00000000   Number         0  rt_raise.o ABSOLUTE
    ../clib/angel/scatterp.s                 0x00000000   Number         0  __scatter.o ABSOLUTE
    ../clib/angel/startup.s                  0x00000000   Number         0  __main.o ABSOLUTE
    ../clib/angel/sys.s                      0x00000000   Number         0  sys_stackheap_outer.o ABSOLUTE
    ../clib/angel/sys.s                      0x00000000   Number         0  indicate_semi.o ABSOLUTE
    ../clib/angel/sys.s                      0x00000000   Number         0  use_no_semi.o ABSOLUTE
    ../clib/angel/sys.s                      0x00000000   Number         0  tempstk.o ABSOLUTE
    ../clib/angel/sys.s                      0x00000000   Number         0  use_no_semi_2.o ABSOLUTE
    ../clib/angel/sys.s                      0x00000000   Number         0  libspace.o ABSOLUTE
    ../clib/angel/sysapp.c                   0x00000000   Number         0  sys_command.o ABSOLUTE
    ../clib/angel/sysapp.c                   0x00000000   Number         0  sys_wrch.o ABSOLUTE
    ../clib/armsys.c                         0x00000000   Number         0  argv_veneer.o ABSOLUTE
    ../clib/armsys.c                         0x00000000   Number         0  _get_argv_nomalloc.o ABSOLUTE
    ../clib/armsys.c                         0x00000000   Number         0  no_argv.o ABSOLUTE
    ../clib/bigflt.c                         0x00000000   Number         0  bigflt0.o ABSOLUTE
    ../clib/btod.c                           0x00000000   Number         0  btod.o ABSOLUTE
    ../clib/division.c                       0x00000000   Number         0  rtudiv10.o ABSOLUTE
    ../clib/division.c                       0x00000000   Number         0  lludiv10.o ABSOLUTE
    ../clib/division.s                       0x00000000   Number         0  aeabi_sdiv.o ABSOLUTE
    ../clib/division.s                       0x00000000   Number         0  aeabi_sdiv_div0.o ABSOLUTE
    ../clib/heapalloc.c                      0x00000000   Number         0  hrguard.o ABSOLUTE
    ../clib/heapaux.c                        0x00000000   Number         0  heapauxi.o ABSOLUTE
    ../clib/libinit.s                        0x00000000   Number         0  libinit2.o ABSOLUTE
    ../clib/libinit.s                        0x00000000   Number         0  libinit.o ABSOLUTE
    ../clib/libinit.s                        0x00000000   Number         0  libshutdown.o ABSOLUTE
    ../clib/libinit.s                        0x00000000   Number         0  libshutdown2.o ABSOLUTE
    ../clib/locale.s                         0x00000000   Number         0  lc_numeric_c.o ABSOLUTE
    ../clib/printf.c                         0x00000000   Number         0  _printf_fp_dec.o ABSOLUTE
    ../clib/printf.c                         0x00000000   Number         0  __printf_nopercent.o ABSOLUTE
    ../clib/printf.c                         0x00000000   Number         0  _printf_fp_infnan.o ABSOLUTE
    ../clib/printf.c                         0x00000000   Number         0  __2printf.o ABSOLUTE
    ../clib/printf.c                         0x00000000   Number         0  _printf_char_common.o ABSOLUTE
    ../clib/printf.c                         0x00000000   Number         0  __printf_wp.o ABSOLUTE
    ../clib/printf.c                         0x00000000   Number         0  noretval__2printf.o ABSOLUTE
    ../clib/printf.c                         0x00000000   Number         0  __printf_flags_wp.o ABSOLUTE
    ../clib/printf.c                         0x00000000   Number         0  __printf_ss_wp.o ABSOLUTE
    ../clib/printf.c                         0x00000000   Number         0  __printf_flags_ss_wp.o ABSOLUTE
    ../clib/printf.c                         0x00000000   Number         0  __printf.o ABSOLUTE
    ../clib/printf.c                         0x00000000   Number         0  _printf_char_file.o ABSOLUTE
    ../clib/printf.c                         0x00000000   Number         0  __printf_flags.o ABSOLUTE
    ../clib/printf.c                         0x00000000   Number         0  __printf_ss.o ABSOLUTE
    ../clib/printf.c                         0x00000000   Number         0  __printf_flags_ss.o ABSOLUTE
    ../clib/printf_percent.s                 0x00000000   Number         0  _printf_f.o ABSOLUTE
    ../clib/printf_percent.s                 0x00000000   Number         0  _printf_percent.o ABSOLUTE
    ../clib/printf_percent.s                 0x00000000   Number         0  _printf_percent_end.o ABSOLUTE
    ../clib/signal.c                         0x00000000   Number         0  defsig_general.o ABSOLUTE
    ../clib/signal.c                         0x00000000   Number         0  defsig_abrt_inner.o ABSOLUTE
    ../clib/signal.c                         0x00000000   Number         0  defsig_rtred_inner.o ABSOLUTE
    ../clib/signal.c                         0x00000000   Number         0  defsig_rtmem_formal.o ABSOLUTE
    ../clib/signal.c                         0x00000000   Number         0  defsig_fpe_outer.o ABSOLUTE
    ../clib/signal.c                         0x00000000   Number         0  defsig_exit.o ABSOLUTE
    ../clib/signal.c                         0x00000000   Number         0  defsig_other.o ABSOLUTE
    ../clib/signal.c                         0x00000000   Number         0  defsig_segv_inner.o ABSOLUTE
    ../clib/signal.c                         0x00000000   Number         0  defsig_fpe_formal.o ABSOLUTE
    ../clib/signal.c                         0x00000000   Number         0  defsig_cppl_inner.o ABSOLUTE
    ../clib/signal.c                         0x00000000   Number         0  defsig_pvfn_inner.o ABSOLUTE
    ../clib/signal.c                         0x00000000   Number         0  __raise.o ABSOLUTE
    ../clib/signal.c                         0x00000000   Number         0  defsig_fpe_inner.o ABSOLUTE
    ../clib/signal.c                         0x00000000   Number         0  defsig_stak_inner.o ABSOLUTE
    ../clib/signal.c                         0x00000000   Number         0  defsig_rtmem_inner.o ABSOLUTE
    ../clib/signal.c                         0x00000000   Number         0  defsig_rtmem_outer.o ABSOLUTE
    ../clib/signal.s                         0x00000000   Number         0  defsig.o ABSOLUTE
    ../clib/stdio.c                          0x00000000   Number         0  ferror_locked.o ABSOLUTE
    ../clib/stdio.c                          0x00000000   Number         0  ferror.o ABSOLUTE
    ../clib/stdlib.c                         0x00000000   Number         0  exit.o ABSOLUTE
    ../clib/string.c                         0x00000000   Number         0  strcmp.o ABSOLUTE
    ../fplib/cfplib/dmul.c                   0x00000000   Number         0  dmul.o ABSOLUTE
    ../fplib/cfplib/f2d.c                    0x00000000   Number         0  f2d.o ABSOLUTE
    ../fplib/cfplib/ffix.c                   0x00000000   Number         0  ffixui.o ABSOLUTE
    ../fplib/cfplib/ffix.c                   0x00000000   Number         0  dfixi.o ABSOLUTE
    ../fplib/cfplib/fflt.c                   0x00000000   Number         0  fflti.o ABSOLUTE
    ../fplib/cfplib/fpinit.c                 0x00000000   Number         0  fpinit.o ABSOLUTE
    ../fplib/cfplib/ieee_status.c            0x00000000   Number         0  ieee_status.o ABSOLUTE
    ../fplib/printf1.s                       0x00000000   Number         0  printf1.o ABSOLUTE
    ../fplib/usenofp.s                       0x00000000   Number         0  usenofp.o ABSOLUTE
    ../mathlib/fpclassify.c                  0x00000000   Number         0  fpclassify.o ABSOLUTE
    RTE\Device\SC32F5832\startup_SC32F5832.s 0x00000000   Number         0  startup_sc32f5832.o ABSOLUTE
    RTE\Device\SC32F5832\system_SC32F5832.c  0x00000000   Number         0  system_sc32f5832.o ABSOLUTE
    RTE\\Device\\SC32F5832\\system_SC32F5832.c 0x00000000   Number         0  system_sc32f5832.o ABSOLUTE
    SRC\ADC.c                                0x00000000   Number         0  adc.o ABSOLUTE
    SRC\CLK.c                                0x00000000   Number         0  clk.o ABSOLUTE
    SRC\CMP.c                                0x00000000   Number         0  cmp.o ABSOLUTE
    SRC\DMA.c                                0x00000000   Number         0  dma.o ABSOLUTE
    SRC\DevInit.c                            0x00000000   Number         0  devinit.o ABSOLUTE
    SRC\ETIMER.c                             0x00000000   Number         0  etimer.o ABSOLUTE
    SRC\GPIO.c                               0x00000000   Number         0  gpio.o ABSOLUTE
    SRC\IAP.c                                0x00000000   Number         0  iap.o ABSOLUTE
    SRC\IRQ.c                                0x00000000   Number         0  irq.o ABSOLUTE
    SRC\ISR.c                                0x00000000   Number         0  isr.o ABSOLUTE
    SRC\OPA.c                                0x00000000   Number         0  opa.o ABSOLUTE
    SRC\PWM.c                                0x00000000   Number         0  pwm.o ABSOLUTE
    SRC\Uart0.c                              0x00000000   Number         0  uart0.o ABSOLUTE
    SRC\Uart1.c                              0x00000000   Number         0  uart1.o ABSOLUTE
    SRC\WDT.c                                0x00000000   Number         0  wdt.o ABSOLUTE
    SRC\\ADC.c                               0x00000000   Number         0  adc.o ABSOLUTE
    SRC\\CLK.c                               0x00000000   Number         0  clk.o ABSOLUTE
    SRC\\CMP.c                               0x00000000   Number         0  cmp.o ABSOLUTE
    SRC\\DMA.c                               0x00000000   Number         0  dma.o ABSOLUTE
    SRC\\DevInit.c                           0x00000000   Number         0  devinit.o ABSOLUTE
    SRC\\ETIMER.c                            0x00000000   Number         0  etimer.o ABSOLUTE
    SRC\\GPIO.c                              0x00000000   Number         0  gpio.o ABSOLUTE
    SRC\\IAP.c                               0x00000000   Number         0  iap.o ABSOLUTE
    SRC\\IRQ.c                               0x00000000   Number         0  irq.o ABSOLUTE
    SRC\\ISR.c                               0x00000000   Number         0  isr.o ABSOLUTE
    SRC\\OPA.c                               0x00000000   Number         0  opa.o ABSOLUTE
    SRC\\PWM.c                               0x00000000   Number         0  pwm.o ABSOLUTE
    SRC\\Uart0.c                             0x00000000   Number         0  uart0.o ABSOLUTE
    SRC\\Uart1.c                             0x00000000   Number         0  uart1.o ABSOLUTE
    SRC\\WDT.c                               0x00000000   Number         0  wdt.o ABSOLUTE
    SRC\\main.c                              0x00000000   Number         0  main.o ABSOLUTE
    SRC\main.c                               0x00000000   Number         0  main.o ABSOLUTE
    USER\LCD12864.c                          0x00000000   Number         0  lcd12864.o ABSOLUTE
    USER\\LCD12864.c                         0x00000000   Number         0  lcd12864.o ABSOLUTE
    USER\\delay.c                            0x00000000   Number         0  delay.o ABSOLUTE
    USER\\ds18b20.c                          0x00000000   Number         0  ds18b20.o ABSOLUTE
    USER\\keyboard4x4.c                      0x00000000   Number         0  keyboard4x4.o ABSOLUTE
    USER\\printf.c                           0x00000000   Number         0  printf.o ABSOLUTE
    USER\delay.c                             0x00000000   Number         0  delay.o ABSOLUTE
    USER\ds18b20.c                           0x00000000   Number         0  ds18b20.o ABSOLUTE
    USER\keyboard4x4.c                       0x00000000   Number         0  keyboard4x4.o ABSOLUTE
    USER\printf.c                            0x00000000   Number         0  printf.o ABSOLUTE
    dc.s                                     0x00000000   Number         0  dc.o ABSOLUTE
    !!!main                                  0x00000204   Section        8  __main.o(!!!main)
    !!!scatter                               0x0000020c   Section       60  __scatter.o(!!!scatter)
    !!handler_copy                           0x00000248   Section       26  __scatter_copy.o(!!handler_copy)
    !!handler_zi                             0x00000264   Section       28  __scatter_zi.o(!!handler_zi)
    .ARM.Collect$$_printf_percent$$00000000  0x00000280   Section        2  _printf_percent.o(.ARM.Collect$$_printf_percent$$00000000)
    .ARM.Collect$$_printf_percent$$00000003  0x00000282   Section       10  _printf_f.o(.ARM.Collect$$_printf_percent$$00000003)
    .ARM.Collect$$_printf_percent$$00000017  0x0000028c   Section        4  _printf_percent_end.o(.ARM.Collect$$_printf_percent$$00000017)
    .ARM.Collect$$libinit$$00000000          0x00000290   Section        2  libinit.o(.ARM.Collect$$libinit$$00000000)
    .ARM.Collect$$libinit$$00000002          0x00000292   Section        0  libinit2.o(.ARM.Collect$$libinit$$00000002)
    .ARM.Collect$$libinit$$00000004          0x00000292   Section        0  libinit2.o(.ARM.Collect$$libinit$$00000004)
    .ARM.Collect$$libinit$$0000000A          0x00000292   Section        0  libinit2.o(.ARM.Collect$$libinit$$0000000A)
    .ARM.Collect$$libinit$$0000000C          0x00000292   Section        0  libinit2.o(.ARM.Collect$$libinit$$0000000C)
    .ARM.Collect$$libinit$$0000000E          0x00000292   Section        0  libinit2.o(.ARM.Collect$$libinit$$0000000E)
    .ARM.Collect$$libinit$$0000000F          0x00000292   Section        6  libinit2.o(.ARM.Collect$$libinit$$0000000F)
    .ARM.Collect$$libinit$$00000011          0x00000298   Section        0  libinit2.o(.ARM.Collect$$libinit$$00000011)
    .ARM.Collect$$libinit$$00000013          0x00000298   Section        0  libinit2.o(.ARM.Collect$$libinit$$00000013)
    .ARM.Collect$$libinit$$00000015          0x00000298   Section        0  libinit2.o(.ARM.Collect$$libinit$$00000015)
    .ARM.Collect$$libinit$$00000016          0x00000298   Section       10  libinit2.o(.ARM.Collect$$libinit$$00000016)
    .ARM.Collect$$libinit$$00000017          0x000002a2   Section        0  libinit2.o(.ARM.Collect$$libinit$$00000017)
    .ARM.Collect$$libinit$$00000019          0x000002a2   Section        0  libinit2.o(.ARM.Collect$$libinit$$00000019)
    .ARM.Collect$$libinit$$0000001B          0x000002a2   Section        0  libinit2.o(.ARM.Collect$$libinit$$0000001B)
    .ARM.Collect$$libinit$$0000001D          0x000002a2   Section        0  libinit2.o(.ARM.Collect$$libinit$$0000001D)
    .ARM.Collect$$libinit$$0000001F          0x000002a2   Section        0  libinit2.o(.ARM.Collect$$libinit$$0000001F)
    .ARM.Collect$$libinit$$00000021          0x000002a2   Section        0  libinit2.o(.ARM.Collect$$libinit$$00000021)
    .ARM.Collect$$libinit$$00000023          0x000002a2   Section        0  libinit2.o(.ARM.Collect$$libinit$$00000023)
    .ARM.Collect$$libinit$$00000025          0x000002a2   Section        0  libinit2.o(.ARM.Collect$$libinit$$00000025)
    .ARM.Collect$$libinit$$0000002C          0x000002a2   Section        0  libinit2.o(.ARM.Collect$$libinit$$0000002C)
    .ARM.Collect$$libinit$$0000002E          0x000002a2   Section        0  libinit2.o(.ARM.Collect$$libinit$$0000002E)
    .ARM.Collect$$libinit$$00000030          0x000002a2   Section        0  libinit2.o(.ARM.Collect$$libinit$$00000030)
    .ARM.Collect$$libinit$$00000032          0x000002a2   Section        0  libinit2.o(.ARM.Collect$$libinit$$00000032)
    .ARM.Collect$$libinit$$00000033          0x000002a2   Section        2  libinit2.o(.ARM.Collect$$libinit$$00000033)
    .ARM.Collect$$libshutdown$$00000000      0x000002a4   Section        2  libshutdown.o(.ARM.Collect$$libshutdown$$00000000)
    .ARM.Collect$$libshutdown$$00000002      0x000002a6   Section        0  libshutdown2.o(.ARM.Collect$$libshutdown$$00000002)
    .ARM.Collect$$libshutdown$$00000004      0x000002a6   Section        0  libshutdown2.o(.ARM.Collect$$libshutdown$$00000004)
    .ARM.Collect$$libshutdown$$00000007      0x000002a6   Section        0  libshutdown2.o(.ARM.Collect$$libshutdown$$00000007)
    .ARM.Collect$$libshutdown$$0000000A      0x000002a6   Section        0  libshutdown2.o(.ARM.Collect$$libshutdown$$0000000A)
    .ARM.Collect$$libshutdown$$0000000C      0x000002a6   Section        0  libshutdown2.o(.ARM.Collect$$libshutdown$$0000000C)
    .ARM.Collect$$libshutdown$$0000000F      0x000002a6   Section        0  libshutdown2.o(.ARM.Collect$$libshutdown$$0000000F)
    .ARM.Collect$$libshutdown$$00000010      0x000002a6   Section        2  libshutdown2.o(.ARM.Collect$$libshutdown$$00000010)
    .ARM.Collect$$rtentry$$00000000          0x000002a8   Section        0  __rtentry.o(.ARM.Collect$$rtentry$$00000000)
    .ARM.Collect$$rtentry$$00000002          0x000002a8   Section        0  __rtentry2.o(.ARM.Collect$$rtentry$$00000002)
    .ARM.Collect$$rtentry$$00000004          0x000002a8   Section        6  __rtentry4.o(.ARM.Collect$$rtentry$$00000004)
    .ARM.Collect$$rtentry$$00000009          0x000002ae   Section        0  __rtentry2.o(.ARM.Collect$$rtentry$$00000009)
    .ARM.Collect$$rtentry$$0000000A          0x000002ae   Section        4  __rtentry2.o(.ARM.Collect$$rtentry$$0000000A)
    .ARM.Collect$$rtentry$$0000000C          0x000002b2   Section        0  __rtentry2.o(.ARM.Collect$$rtentry$$0000000C)
    .ARM.Collect$$rtentry$$0000000D          0x000002b2   Section        8  __rtentry2.o(.ARM.Collect$$rtentry$$0000000D)
    .ARM.Collect$$rtexit$$00000000           0x000002ba   Section        2  rtexit.o(.ARM.Collect$$rtexit$$00000000)
    .ARM.Collect$$rtexit$$00000002           0x000002bc   Section        0  rtexit2.o(.ARM.Collect$$rtexit$$00000002)
    .ARM.Collect$$rtexit$$00000003           0x000002bc   Section        4  rtexit2.o(.ARM.Collect$$rtexit$$00000003)
    .ARM.Collect$$rtexit$$00000004           0x000002c0   Section        6  rtexit2.o(.ARM.Collect$$rtexit$$00000004)
    .text                                    0x000002c8   Section       60  startup_sc32f5832.o(.text)
    .text                                    0x00000304   Section        2  use_no_semi_2.o(.text)
    .text                                    0x00000308   Section        0  noretval__2printf.o(.text)
    .text                                    0x00000324   Section        0  __printf.o(.text)
    .text                                    0x00000390   Section      346  aeabi_sdiv.o(.text)
    .text                                    0x000004ea   Section        0  heapauxi.o(.text)
    .text                                    0x000004f0   Section        0  dfixi.o(.text)
    .text                                    0x0000055c   Section        0  dmul.o(.text)
    .text                                    0x000007a4   Section        0  f2d.o(.text)
    .text                                    0x000007f8   Section        0  ffixui.o(.text)
    .text                                    0x00000828   Section        0  fflti.o(.text)
    .text                                    0x00000886   Section        2  use_no_semi.o(.text)
    .text                                    0x00000888   Section        0  _printf_fp_dec.o(.text)
    _fp_digits                               0x0000088b   Thumb Code   408  _printf_fp_dec.o(.text)
    .text                                    0x00000c9c   Section        0  _printf_char_file.o(.text)
    .text                                    0x00000cc4   Section        8  rt_locale_intlibspace.o(.text)
    .text                                    0x00000ccc   Section        0  lludiv10.o(.text)
    .text                                    0x00000d48   Section        0  _printf_char_common.o(.text)
    _printf_input_char                       0x00000d49   Thumb Code    10  _printf_char_common.o(.text)
    .text                                    0x00000d78   Section        0  _printf_fp_infnan.o(.text)
    .text                                    0x00000e00   Section        0  bigflt0.o(.text)
    .text                                    0x00000ec8   Section        0  btod.o(.text)
    btod_internal_mul                        0x00000f09   Thumb Code   456  btod.o(.text)
    btod_internal_div                        0x000010d1   Thumb Code   494  btod.o(.text)
    .text                                    0x00001390   Section        0  ferror.o(.text)
    .text                                    0x00001398   Section        0  rtudiv10.o(.text)
    .text                                    0x000013c0   Section        8  libspace.o(.text)
    .text                                    0x000013c8   Section       62  sys_stackheap_outer.o(.text)
    .text                                    0x00001406   Section        0  exit.o(.text)
    .text                                    0x00001418   Section        0  strcmp.o(.text)
    i.ACMP_OPA_IRQHandler                    0x000014a0   Section        0  isr.o(i.ACMP_OPA_IRQHandler)
    i.ADC0_IRQHandler                        0x000014a2   Section        0  isr.o(i.ADC0_IRQHandler)
    i.ADC1_IRQHandler                        0x000014a4   Section        0  isr.o(i.ADC1_IRQHandler)
    i.ADC2_IRQHandler                        0x000014a6   Section        0  isr.o(i.ADC2_IRQHandler)
    i.ADC_IRQHandler                         0x000014a8   Section        0  isr.o(i.ADC_IRQHandler)
    i.COPROC_IRQHandler                      0x000014bc   Section        0  isr.o(i.COPROC_IRQHandler)
    i.DMA_IRQHandler                         0x000014be   Section        0  isr.o(i.DMA_IRQHandler)
    i.DS18B20_Check                          0x000014c0   Section        0  ds18b20.o(i.DS18B20_Check)
    i.DS18B20_Get_Temp                       0x00001520   Section        0  ds18b20.o(i.DS18B20_Get_Temp)
    i.DS18B20_Read_Bit                       0x000015b4   Section        0  ds18b20.o(i.DS18B20_Read_Bit)
    i.DS18B20_Read_Byte                      0x000015fc   Section        0  ds18b20.o(i.DS18B20_Read_Byte)
    i.DS18B20_Rst                            0x00001620   Section        0  ds18b20.o(i.DS18B20_Rst)
    i.DS18B20_Start                          0x0000164c   Section        0  ds18b20.o(i.DS18B20_Start)
    i.DS18B20_Write_Byte                     0x00001664   Section        0  ds18b20.o(i.DS18B20_Write_Byte)
    i.Delay                                  0x000016c4   Section        0  lcd12864.o(i.Delay)
    i.Device_Init                            0x000016d6   Section        0  devinit.o(i.Device_Init)
    i.ERU0_IRQHandler                        0x000016ee   Section        0  isr.o(i.ERU0_IRQHandler)
    i.ERU1_IRQHandler                        0x000016f0   Section        0  isr.o(i.ERU1_IRQHandler)
    i.ERU2_IRQHandler                        0x000016f2   Section        0  isr.o(i.ERU2_IRQHandler)
    i.ERU3_IRQHandler                        0x000016f4   Section        0  isr.o(i.ERU3_IRQHandler)
    i.GPIO0_IRQHandler                       0x000016f8   Section        0  isr.o(i.GPIO0_IRQHandler)
    i.GPIO1_IRQHandler                       0x0000173c   Section        0  isr.o(i.GPIO1_IRQHandler)
    i.GPIO2_IRQHandler                       0x0000173e   Section        0  isr.o(i.GPIO2_IRQHandler)
    i.GPIO_AF_SEL                            0x00001740   Section        0  gpio.o(i.GPIO_AF_SEL)
    i.GPIO_Init                              0x000018ec   Section        0  gpio.o(i.GPIO_Init)
    i.GPIO_PUPD_SEL                          0x00001b38   Section        0  gpio.o(i.GPIO_PUPD_SEL)
    i.HardFault_Handler                      0x00001cc4   Section        0  isr.o(i.HardFault_Handler)
    i.IRQ_Enable                             0x00001cc6   Section        0  irq.o(i.IRQ_Enable)
    i.IRQ_Init                               0x00001d00   Section        0  irq.o(i.IRQ_Init)
    i.IWDT_IRQHandler                        0x00001d82   Section        0  isr.o(i.IWDT_IRQHandler)
    i.LCD_GPIO_Init                          0x00001d84   Section        0  lcd12864.o(i.LCD_GPIO_Init)
    i.NMI_Handler                            0x00001dc8   Section        0  isr.o(i.NMI_Handler)
    i.OPENPLL                                0x00001dcc   Section        0  clk.o(i.OPENPLL)
    i.PLLSET                                 0x00001e00   Section        0  clk.o(i.PLLSET)
    i.PWM0_IRQHandler                        0x00001e34   Section        0  isr.o(i.PWM0_IRQHandler)
    i.PWM4_IRQHandler                        0x00001e48   Section        0  isr.o(i.PWM4_IRQHandler)
    i.PWM_COMB_IRQHandler                    0x00001e4a   Section        0  isr.o(i.PWM_COMB_IRQHandler)
    i.PendSV_Handler                         0x00001e4c   Section        0  isr.o(i.PendSV_Handler)
    i.SPI0_IRQHandler                        0x00001e4e   Section        0  isr.o(i.SPI0_IRQHandler)
    i.ST_delay_ms                            0x00001e50   Section        0  delay.o(i.ST_delay_ms)
    i.ST_delay_us                            0x00001eb0   Section        0  delay.o(i.ST_delay_us)
    i.SVC_Handler                            0x00001f0c   Section        0  isr.o(i.SVC_Handler)
    i.SYS_IRQHandler                         0x00001f0e   Section        0  isr.o(i.SYS_IRQHandler)
    i.SetPll                                 0x00001f10   Section        0  clk.o(i.SetPll)
    i.SysTick_Handler                        0x00002008   Section        0  isr.o(i.SysTick_Handler)
    i.SystemInit                             0x00002050   Section        0  system_sc32f5832.o(i.SystemInit)
    i.TIM6_T0_IRQHandler                     0x0000209c   Section        0  main.o(i.TIM6_T0_IRQHandler)
    i.TIM6_T0_Init                           0x00002108   Section        0  etimer.o(i.TIM6_T0_Init)
    i.TIM6_T1_IRQHandler                     0x00002144   Section        0  isr.o(i.TIM6_T1_IRQHandler)
    i.TIMER0_IRQHandler                      0x00002148   Section        0  isr.o(i.TIMER0_IRQHandler)
    i.UART0_IRQHandler                       0x000021a4   Section        0  uart0.o(i.UART0_IRQHandler)
    i.UART1_IRQHandler                       0x00002244   Section        0  uart1.o(i.UART1_IRQHandler)
    i.Uart0_Init                             0x000022e4   Section        0  uart0.o(i.Uart0_Init)
    i.WWDT_IRQHandler                        0x0000232c   Section        0  isr.o(i.WWDT_IRQHandler)
    i.__ARM_common_ll_muluu                  0x0000232e   Section        0  btod.o(i.__ARM_common_ll_muluu)
    i.__ARM_common_switch8                   0x0000235e   Section        0  gpio.o(i.__ARM_common_switch8)
    i.__ARM_fpclassify                       0x0000237c   Section        0  fpclassify.o(i.__ARM_fpclassify)
    i.__NVIC_ClearPendingIRQ                 0x000023a8   Section        0  irq.o(i.__NVIC_ClearPendingIRQ)
    __NVIC_ClearPendingIRQ                   0x000023a9   Thumb Code    18  irq.o(i.__NVIC_ClearPendingIRQ)
    i.__NVIC_ClearPendingIRQ                 0x000023c0   Section        0  isr.o(i.__NVIC_ClearPendingIRQ)
    __NVIC_ClearPendingIRQ                   0x000023c1   Thumb Code    18  isr.o(i.__NVIC_ClearPendingIRQ)
    i.__NVIC_EnableIRQ                       0x000023d8   Section        0  irq.o(i.__NVIC_EnableIRQ)
    __NVIC_EnableIRQ                         0x000023d9   Thumb Code    18  irq.o(i.__NVIC_EnableIRQ)
    i.__NVIC_SetPriority                     0x000023f0   Section        0  irq.o(i.__NVIC_SetPriority)
    __NVIC_SetPriority                       0x000023f1   Thumb Code   110  irq.o(i.__NVIC_SetPriority)
    i._sys_exit                              0x00002468   Section        0  printf.o(i._sys_exit)
    i.delay_ms                               0x00002470   Section        0  main.o(i.delay_ms)
    i.display_led                            0x00002490   Section        0  main.o(i.display_led)
    i.fputc                                  0x00002624   Section        0  printf.o(i.fputc)
    i.init_onewire_in                        0x0000263c   Section        0  ds18b20.o(i.init_onewire_in)
    i.init_onewire_out                       0x0000266c   Section        0  ds18b20.o(i.init_onewire_out)
    i.lcd_clear                              0x00002680   Section        0  lcd12864.o(i.lcd_clear)
    i.lcd_init                               0x0000268c   Section        0  lcd12864.o(i.lcd_init)
    i.lcd_pos                                0x000026e8   Section        0  lcd12864.o(i.lcd_pos)
    i.lcd_wstr                               0x00002736   Section        0  lcd12864.o(i.lcd_wstr)
    i.main                                   0x0000275c   Section        0  main.o(i.main)
    i.scan_MatrixKey                         0x00002a08   Section        0  keyboard4x4.o(i.scan_MatrixKey)
    i.send_cmd                               0x00002bc4   Section        0  lcd12864.o(i.send_cmd)
    i.send_dat                               0x00002be4   Section        0  lcd12864.o(i.send_dat)
    i.write_char                             0x00002c30   Section        0  lcd12864.o(i.write_char)
    i.write_figer                            0x00002c50   Section        0  lcd12864.o(i.write_figer)
    locale$$code                             0x00002d14   Section       44  lc_numeric_c.o(locale$$code)
    x$fpl$printf1                            0x00002d40   Section       16  printf1.o(x$fpl$printf1)
    .constdata                               0x00002d50   Section      148  bigflt0.o(.constdata)
    x$fpl$usenofp                            0x00002d50   Section        0  usenofp.o(x$fpl$usenofp)
    tenpwrs_x                                0x00002d50   Data          60  bigflt0.o(.constdata)
    tenpwrs_i                                0x00002d8c   Data          64  bigflt0.o(.constdata)
    locale$$data                             0x00002e04   Section       28  lc_numeric_c.o(locale$$data)
    __lcnum_c_name                           0x00002e08   Data           2  lc_numeric_c.o(locale$$data)
    __lcnum_c_start                          0x00002e10   Data           0  lc_numeric_c.o(locale$$data)
    __lcnum_c_point                          0x00002e1c   Data           0  lc_numeric_c.o(locale$$data)
    __lcnum_c_thousands                      0x00002e1e   Data           0  lc_numeric_c.o(locale$$data)
    __lcnum_c_grouping                       0x00002e1f   Data           0  lc_numeric_c.o(locale$$data)
    __lcnum_c_end                            0x00002e20   Data           0  lc_numeric_c.o(locale$$data)
    .data                                    0x20000000   Section       49  main.o(.data)
    disnum                                   0x20000030   Data           1  main.o(.data)
    .data                                    0x20000031   Section        1  isr.o(.data)
    .data                                    0x20000032   Section        1  keyboard4x4.o(.data)
    key_count                                0x20000032   Data           1  keyboard4x4.o(.data)
    .data                                    0x20000034   Section        4  printf.o(.data)
    .bss                                     0x20000038   Section      420  uart0.o(.bss)
    .bss                                     0x200001dc   Section      420  uart1.o(.bss)
    .bss                                     0x20000380   Section       96  libspace.o(.bss)
    HEAP                                     0x200003e0   Section      256  startup_sc32f5832.o(HEAP)
    Heap_Mem                                 0x200003e0   Data         256  startup_sc32f5832.o(HEAP)
    STACK                                    0x200004e0   Section      512  startup_sc32f5832.o(STACK)
    Stack_Mem                                0x200004e0   Data         512  startup_sc32f5832.o(STACK)

    Global Symbols

    Symbol Name                              Value     Ov Type        Size  Object(Section)

    BuildAttributes$$THM_ISAv3M$S$PE$A:L22$X:L11$S22$IEEE1$IW$USESV6$~STKCKD$USESV7$~SHL$OTIME$ROPI$IEEEJ$EBA8$UX$STANDARDLIB$REQ8$PRES8$EABIv2 0x00000000   Number         0  anon$$obj.o ABSOLUTE
    __ARM_use_no_argv                        0x00000000   Number         0  main.o ABSOLUTE
    __Vectors                                0x00000000   Data           4  startup_sc32f5832.o(RESET)
    __ARM_exceptions_init                     - Undefined Weak Reference
    __alloca_initialize                       - Undefined Weak Reference
    __arm_preinit_                            - Undefined Weak Reference
    __cpp_initialize__aeabi_                  - Undefined Weak Reference
    __cxa_finalize                            - Undefined Weak Reference
    __sigvec_lookup                           - Undefined Weak Reference
    _atexit_init                              - Undefined Weak Reference
    _call_atexit_fns                          - Undefined Weak Reference
    _clock_init                               - Undefined Weak Reference
    _fp_trap_init                             - Undefined Weak Reference
    _fp_trap_shutdown                         - Undefined Weak Reference
    _get_lc_collate                           - Undefined Weak Reference
    _get_lc_ctype                             - Undefined Weak Reference
    _get_lc_monetary                          - Undefined Weak Reference
    _get_lc_time                              - Undefined Weak Reference
    _getenv_init                              - Undefined Weak Reference
    _handle_redirection                       - Undefined Weak Reference
    _init_alloc                               - Undefined Weak Reference
    _init_user_alloc                          - Undefined Weak Reference
    _initio                                   - Undefined Weak Reference
    _mutex_acquire                            - Undefined Weak Reference
    _mutex_release                            - Undefined Weak Reference
    _printf_post_padding                      - Undefined Weak Reference
    _printf_pre_padding                       - Undefined Weak Reference
    _rand_init                                - Undefined Weak Reference
    _signal_finish                            - Undefined Weak Reference
    _signal_init                              - Undefined Weak Reference
    _terminate_alloc                          - Undefined Weak Reference
    _terminate_user_alloc                     - Undefined Weak Reference
    _terminateio                              - Undefined Weak Reference
    __Vectors_End                            0x00000204   Data           0  startup_sc32f5832.o(RESET)
    __Vectors_Size                           0x00000204   Number         0  startup_sc32f5832.o ABSOLUTE
    __main                                   0x00000205   Thumb Code     8  __main.o(!!!main)
    __scatterload                            0x0000020d   Thumb Code     0  __scatter.o(!!!scatter)
    __scatterload_rt2                        0x0000020d   Thumb Code    52  __scatter.o(!!!scatter)
    __scatterload_rt2_thumb_only             0x0000020d   Thumb Code     0  __scatter.o(!!!scatter)
    __scatterload_null                       0x0000021d   Thumb Code     0  __scatter.o(!!!scatter)
    __scatterload_copy                       0x00000249   Thumb Code    26  __scatter_copy.o(!!handler_copy)
    __scatterload_zeroinit                   0x00000265   Thumb Code    28  __scatter_zi.o(!!handler_zi)
    _printf_percent                          0x00000281   Thumb Code     0  _printf_percent.o(.ARM.Collect$$_printf_percent$$00000000)
    _printf_f                                0x00000283   Thumb Code     0  _printf_f.o(.ARM.Collect$$_printf_percent$$00000003)
    _printf_percent_end                      0x0000028d   Thumb Code     0  _printf_percent_end.o(.ARM.Collect$$_printf_percent$$00000017)
    __rt_lib_init                            0x00000291   Thumb Code     0  libinit.o(.ARM.Collect$$libinit$$00000000)
    __rt_lib_init_fp_1                       0x00000293   Thumb Code     0  libinit2.o(.ARM.Collect$$libinit$$00000002)
    __rt_lib_init_heap_1                     0x00000293   Thumb Code     0  libinit2.o(.ARM.Collect$$libinit$$0000000A)
    __rt_lib_init_lc_common                  0x00000293   Thumb Code     0  libinit2.o(.ARM.Collect$$libinit$$0000000F)
    __rt_lib_init_preinit_1                  0x00000293   Thumb Code     0  libinit2.o(.ARM.Collect$$libinit$$00000004)
    __rt_lib_init_rand_1                     0x00000293   Thumb Code     0  libinit2.o(.ARM.Collect$$libinit$$0000000E)
    __rt_lib_init_user_alloc_1               0x00000293   Thumb Code     0  libinit2.o(.ARM.Collect$$libinit$$0000000C)
    __rt_lib_init_lc_collate_1               0x00000299   Thumb Code     0  libinit2.o(.ARM.Collect$$libinit$$00000011)
    __rt_lib_init_lc_ctype_1                 0x00000299   Thumb Code     0  libinit2.o(.ARM.Collect$$libinit$$00000013)
    __rt_lib_init_lc_monetary_1              0x00000299   Thumb Code     0  libinit2.o(.ARM.Collect$$libinit$$00000015)
    __rt_lib_init_lc_numeric_2               0x00000299   Thumb Code     0  libinit2.o(.ARM.Collect$$libinit$$00000016)
    __rt_lib_init_alloca_1                   0x000002a3   Thumb Code     0  libinit2.o(.ARM.Collect$$libinit$$0000002E)
    __rt_lib_init_argv_1                     0x000002a3   Thumb Code     0  libinit2.o(.ARM.Collect$$libinit$$0000002C)
    __rt_lib_init_atexit_1                   0x000002a3   Thumb Code     0  libinit2.o(.ARM.Collect$$libinit$$0000001B)
    __rt_lib_init_clock_1                    0x000002a3   Thumb Code     0  libinit2.o(.ARM.Collect$$libinit$$00000021)
    __rt_lib_init_cpp_1                      0x000002a3   Thumb Code     0  libinit2.o(.ARM.Collect$$libinit$$00000032)
    __rt_lib_init_exceptions_1               0x000002a3   Thumb Code     0  libinit2.o(.ARM.Collect$$libinit$$00000030)
    __rt_lib_init_fp_trap_1                  0x000002a3   Thumb Code     0  libinit2.o(.ARM.Collect$$libinit$$0000001F)
    __rt_lib_init_getenv_1                   0x000002a3   Thumb Code     0  libinit2.o(.ARM.Collect$$libinit$$00000023)
    __rt_lib_init_lc_numeric_1               0x000002a3   Thumb Code     0  libinit2.o(.ARM.Collect$$libinit$$00000017)
    __rt_lib_init_lc_time_1                  0x000002a3   Thumb Code     0  libinit2.o(.ARM.Collect$$libinit$$00000019)
    __rt_lib_init_return                     0x000002a3   Thumb Code     0  libinit2.o(.ARM.Collect$$libinit$$00000033)
    __rt_lib_init_signal_1                   0x000002a3   Thumb Code     0  libinit2.o(.ARM.Collect$$libinit$$0000001D)
    __rt_lib_init_stdio_1                    0x000002a3   Thumb Code     0  libinit2.o(.ARM.Collect$$libinit$$00000025)
    __rt_lib_shutdown                        0x000002a5   Thumb Code     0  libshutdown.o(.ARM.Collect$$libshutdown$$00000000)
    __rt_lib_shutdown_cpp_1                  0x000002a7   Thumb Code     0  libshutdown2.o(.ARM.Collect$$libshutdown$$00000002)
    __rt_lib_shutdown_fp_trap_1              0x000002a7   Thumb Code     0  libshutdown2.o(.ARM.Collect$$libshutdown$$00000007)
    __rt_lib_shutdown_heap_1                 0x000002a7   Thumb Code     0  libshutdown2.o(.ARM.Collect$$libshutdown$$0000000F)
    __rt_lib_shutdown_return                 0x000002a7   Thumb Code     0  libshutdown2.o(.ARM.Collect$$libshutdown$$00000010)
    __rt_lib_shutdown_signal_1               0x000002a7   Thumb Code     0  libshutdown2.o(.ARM.Collect$$libshutdown$$0000000A)
    __rt_lib_shutdown_stdio_1                0x000002a7   Thumb Code     0  libshutdown2.o(.ARM.Collect$$libshutdown$$00000004)
    __rt_lib_shutdown_user_alloc_1           0x000002a7   Thumb Code     0  libshutdown2.o(.ARM.Collect$$libshutdown$$0000000C)
    __rt_entry                               0x000002a9   Thumb Code     0  __rtentry.o(.ARM.Collect$$rtentry$$00000000)
    __rt_entry_presh_1                       0x000002a9   Thumb Code     0  __rtentry2.o(.ARM.Collect$$rtentry$$00000002)
    __rt_entry_sh                            0x000002a9   Thumb Code     0  __rtentry4.o(.ARM.Collect$$rtentry$$00000004)
    __rt_entry_li                            0x000002af   Thumb Code     0  __rtentry2.o(.ARM.Collect$$rtentry$$0000000A)
    __rt_entry_postsh_1                      0x000002af   Thumb Code     0  __rtentry2.o(.ARM.Collect$$rtentry$$00000009)
    __rt_entry_main                          0x000002b3   Thumb Code     0  __rtentry2.o(.ARM.Collect$$rtentry$$0000000D)
    __rt_entry_postli_1                      0x000002b3   Thumb Code     0  __rtentry2.o(.ARM.Collect$$rtentry$$0000000C)
    __rt_exit                                0x000002bb   Thumb Code     0  rtexit.o(.ARM.Collect$$rtexit$$00000000)
    __rt_exit_ls                             0x000002bd   Thumb Code     0  rtexit2.o(.ARM.Collect$$rtexit$$00000003)
    __rt_exit_prels_1                        0x000002bd   Thumb Code     0  rtexit2.o(.ARM.Collect$$rtexit$$00000002)
    __rt_exit_exit                           0x000002c1   Thumb Code     0  rtexit2.o(.ARM.Collect$$rtexit$$00000004)
    Reset_Handler                            0x000002c9   Thumb Code     8  startup_sc32f5832.o(.text)
    Reserved_IRQHandler                      0x000002db   Thumb Code     2  startup_sc32f5832.o(.text)
    __user_initial_stackheap                 0x000002e1   Thumb Code    10  startup_sc32f5832.o(.text)
    __use_no_semihosting                     0x00000305   Thumb Code     2  use_no_semi_2.o(.text)
    __2printf                                0x00000309   Thumb Code    22  noretval__2printf.o(.text)
    __printf                                 0x00000325   Thumb Code   108  __printf.o(.text)
    __aeabi_uidiv                            0x00000391   Thumb Code     0  aeabi_sdiv.o(.text)
    __aeabi_uidivmod                         0x00000391   Thumb Code    20  aeabi_sdiv.o(.text)
    __aeabi_idiv                             0x000003a5   Thumb Code     0  aeabi_sdiv.o(.text)
    __aeabi_idivmod                          0x000003a5   Thumb Code   326  aeabi_sdiv.o(.text)
    __use_two_region_memory                  0x000004eb   Thumb Code     2  heapauxi.o(.text)
    __rt_heap_escrow$2region                 0x000004ed   Thumb Code     2  heapauxi.o(.text)
    __rt_heap_expand$2region                 0x000004ef   Thumb Code     2  heapauxi.o(.text)
    __aeabi_d2iz                             0x000004f1   Thumb Code     0  dfixi.o(.text)
    _dfix                                    0x000004f1   Thumb Code    98  dfixi.o(.text)
    __aeabi_dmul                             0x0000055d   Thumb Code     0  dmul.o(.text)
    _dmul                                    0x0000055d   Thumb Code   558  dmul.o(.text)
    __aeabi_f2d                              0x000007a5   Thumb Code     0  f2d.o(.text)
    _f2d                                     0x000007a5   Thumb Code    80  f2d.o(.text)
    __aeabi_f2uiz                            0x000007f9   Thumb Code     0  ffixui.o(.text)
    _ffixu                                   0x000007f9   Thumb Code    48  ffixui.o(.text)
    __aeabi_i2f_normalise                    0x00000829   Thumb Code    72  fflti.o(.text)
    __aeabi_i2f                              0x00000871   Thumb Code    16  fflti.o(.text)
    _fflt                                    0x00000871   Thumb Code     0  fflti.o(.text)
    __aeabi_ui2f                             0x00000881   Thumb Code     6  fflti.o(.text)
    _ffltu                                   0x00000881   Thumb Code     0  fflti.o(.text)
    __I$use$semihosting                      0x00000887   Thumb Code     0  use_no_semi.o(.text)
    __use_no_semihosting_swi                 0x00000887   Thumb Code     2  use_no_semi.o(.text)
    __lib_sel_fp_printf                      0x00000889   Thumb Code     2  _printf_fp_dec.o(.text)
    _printf_fp_dec_real                      0x00000a23   Thumb Code   620  _printf_fp_dec.o(.text)
    _printf_char_file                        0x00000c9d   Thumb Code    34  _printf_char_file.o(.text)
    __rt_locale                              0x00000cc5   Thumb Code     8  rt_locale_intlibspace.o(.text)
    _ll_udiv10                               0x00000ccd   Thumb Code   122  lludiv10.o(.text)
    _printf_char_common                      0x00000d53   Thumb Code    32  _printf_char_common.o(.text)
    _printf_fp_infnan                        0x00000d79   Thumb Code   120  _printf_fp_infnan.o(.text)
    _btod_etento                             0x00000e01   Thumb Code   196  bigflt0.o(.text)
    _btod_d2e                                0x00000ec9   Thumb Code    64  btod.o(.text)
    _btod_emul                               0x000012bf   Thumb Code    24  btod.o(.text)
    _btod_emuld                              0x000012d7   Thumb Code    88  btod.o(.text)
    _btod_ediv                               0x0000132f   Thumb Code    22  btod.o(.text)
    _btod_edivd                              0x00001345   Thumb Code    60  btod.o(.text)
    ferror                                   0x00001391   Thumb Code     8  ferror.o(.text)
    __rt_udiv10                              0x00001399   Thumb Code    40  rtudiv10.o(.text)
    __user_libspace                          0x000013c1   Thumb Code     8  libspace.o(.text)
    __user_perproc_libspace                  0x000013c1   Thumb Code     0  libspace.o(.text)
    __user_perthread_libspace                0x000013c1   Thumb Code     0  libspace.o(.text)
    __user_setup_stackheap                   0x000013c9   Thumb Code    62  sys_stackheap_outer.o(.text)
    exit                                     0x00001407   Thumb Code    16  exit.o(.text)
    strcmp                                   0x00001419   Thumb Code   132  strcmp.o(.text)
    ACMP_OPA_IRQHandler                      0x000014a1   Thumb Code     2  isr.o(i.ACMP_OPA_IRQHandler)
    ADC0_IRQHandler                          0x000014a3   Thumb Code     2  isr.o(i.ADC0_IRQHandler)
    ADC1_IRQHandler                          0x000014a5   Thumb Code     2  isr.o(i.ADC1_IRQHandler)
    ADC2_IRQHandler                          0x000014a7   Thumb Code     2  isr.o(i.ADC2_IRQHandler)
    ADC_IRQHandler                           0x000014a9   Thumb Code    16  isr.o(i.ADC_IRQHandler)
    COPROC_IRQHandler                        0x000014bd   Thumb Code     2  isr.o(i.COPROC_IRQHandler)
    DMA_IRQHandler                           0x000014bf   Thumb Code     2  isr.o(i.DMA_IRQHandler)
    DS18B20_Check                            0x000014c1   Thumb Code    90  ds18b20.o(i.DS18B20_Check)
    DS18B20_Get_Temp                         0x00001521   Thumb Code   140  ds18b20.o(i.DS18B20_Get_Temp)
    DS18B20_Read_Bit                         0x000015b5   Thumb Code    68  ds18b20.o(i.DS18B20_Read_Bit)
    DS18B20_Read_Byte                        0x000015fd   Thumb Code    34  ds18b20.o(i.DS18B20_Read_Byte)
    DS18B20_Rst                              0x00001621   Thumb Code    36  ds18b20.o(i.DS18B20_Rst)
    DS18B20_Start                            0x0000164d   Thumb Code    24  ds18b20.o(i.DS18B20_Start)
    DS18B20_Write_Byte                       0x00001665   Thumb Code    90  ds18b20.o(i.DS18B20_Write_Byte)
    Delay                                    0x000016c5   Thumb Code    18  lcd12864.o(i.Delay)
    Device_Init                              0x000016d7   Thumb Code    24  devinit.o(i.Device_Init)
    ERU0_IRQHandler                          0x000016ef   Thumb Code     2  isr.o(i.ERU0_IRQHandler)
    ERU1_IRQHandler                          0x000016f1   Thumb Code     2  isr.o(i.ERU1_IRQHandler)
    ERU2_IRQHandler                          0x000016f3   Thumb Code     2  isr.o(i.ERU2_IRQHandler)
    ERU3_IRQHandler                          0x000016f5   Thumb Code     2  isr.o(i.ERU3_IRQHandler)
    GPIO0_IRQHandler                         0x000016f9   Thumb Code    64  isr.o(i.GPIO0_IRQHandler)
    GPIO1_IRQHandler                         0x0000173d   Thumb Code     2  isr.o(i.GPIO1_IRQHandler)
    GPIO2_IRQHandler                         0x0000173f   Thumb Code     2  isr.o(i.GPIO2_IRQHandler)
    GPIO_AF_SEL                              0x00001741   Thumb Code   418  gpio.o(i.GPIO_AF_SEL)
    GPIO_Init                                0x000018ed   Thumb Code   582  gpio.o(i.GPIO_Init)
    GPIO_PUPD_SEL                            0x00001b39   Thumb Code   386  gpio.o(i.GPIO_PUPD_SEL)
    HardFault_Handler                        0x00001cc5   Thumb Code     2  isr.o(i.HardFault_Handler)
    IRQ_Enable                               0x00001cc7   Thumb Code    58  irq.o(i.IRQ_Enable)
    IRQ_Init                                 0x00001d01   Thumb Code   130  irq.o(i.IRQ_Init)
    IWDT_IRQHandler                          0x00001d83   Thumb Code     2  isr.o(i.IWDT_IRQHandler)
    LCD_GPIO_Init                            0x00001d85   Thumb Code    62  lcd12864.o(i.LCD_GPIO_Init)
    NMI_Handler                              0x00001dc9   Thumb Code     2  isr.o(i.NMI_Handler)
    OPENPLL                                  0x00001dcd   Thumb Code    42  clk.o(i.OPENPLL)
    PLLSET                                   0x00001e01   Thumb Code    40  clk.o(i.PLLSET)
    PWM0_IRQHandler                          0x00001e35   Thumb Code    16  isr.o(i.PWM0_IRQHandler)
    PWM4_IRQHandler                          0x00001e49   Thumb Code     2  isr.o(i.PWM4_IRQHandler)
    PWM_COMB_IRQHandler                      0x00001e4b   Thumb Code     2  isr.o(i.PWM_COMB_IRQHandler)
    PendSV_Handler                           0x00001e4d   Thumb Code     2  isr.o(i.PendSV_Handler)
    SPI0_IRQHandler                          0x00001e4f   Thumb Code     2  isr.o(i.SPI0_IRQHandler)
    ST_delay_ms                              0x00001e51   Thumb Code    84  delay.o(i.ST_delay_ms)
    ST_delay_us                              0x00001eb1   Thumb Code    78  delay.o(i.ST_delay_us)
    SVC_Handler                              0x00001f0d   Thumb Code     2  isr.o(i.SVC_Handler)
    SYS_IRQHandler                           0x00001f0f   Thumb Code     2  isr.o(i.SYS_IRQHandler)
    SetPll                                   0x00001f11   Thumb Code   236  clk.o(i.SetPll)
    SysTick_Handler                          0x00002009   Thumb Code    68  isr.o(i.SysTick_Handler)
    SystemInit                               0x00002051   Thumb Code    66  system_sc32f5832.o(i.SystemInit)
    TIM6_T0_IRQHandler                       0x0000209d   Thumb Code    86  main.o(i.TIM6_T0_IRQHandler)
    TIM6_T0_Init                             0x00002109   Thumb Code    52  etimer.o(i.TIM6_T0_Init)
    TIM6_T1_IRQHandler                       0x00002145   Thumb Code     2  isr.o(i.TIM6_T1_IRQHandler)
    TIMER0_IRQHandler                        0x00002149   Thumb Code    88  isr.o(i.TIMER0_IRQHandler)
    UART0_IRQHandler                         0x000021a5   Thumb Code   146  uart0.o(i.UART0_IRQHandler)
    UART1_IRQHandler                         0x00002245   Thumb Code   146  uart1.o(i.UART1_IRQHandler)
    Uart0_Init                               0x000022e5   Thumb Code    68  uart0.o(i.Uart0_Init)
    WWDT_IRQHandler                          0x0000232d   Thumb Code     2  isr.o(i.WWDT_IRQHandler)
    __ARM_common_ll_muluu                    0x0000232f   Thumb Code    48  btod.o(i.__ARM_common_ll_muluu)
    __ARM_common_switch8                     0x0000235f   Thumb Code    28  gpio.o(i.__ARM_common_switch8)
    __ARM_fpclassify                         0x0000237d   Thumb Code    40  fpclassify.o(i.__ARM_fpclassify)
    _sys_exit                                0x00002469   Thumb Code     8  printf.o(i._sys_exit)
    delay_ms                                 0x00002471   Thumb Code    28  main.o(i.delay_ms)
    display_led                              0x00002491   Thumb Code   390  main.o(i.display_led)
    fputc                                    0x00002625   Thumb Code    20  printf.o(i.fputc)
    init_onewire_in                          0x0000263d   Thumb Code    42  ds18b20.o(i.init_onewire_in)
    init_onewire_out                         0x0000266d   Thumb Code    16  ds18b20.o(i.init_onewire_out)
    lcd_clear                                0x00002681   Thumb Code    10  lcd12864.o(i.lcd_clear)
    lcd_init                                 0x0000268d   Thumb Code    86  lcd12864.o(i.lcd_init)
    lcd_pos                                  0x000026e9   Thumb Code    78  lcd12864.o(i.lcd_pos)
    lcd_wstr                                 0x00002737   Thumb Code    38  lcd12864.o(i.lcd_wstr)
    main                                     0x0000275d   Thumb Code   496  main.o(i.main)
    scan_MatrixKey                           0x00002a09   Thumb Code   432  keyboard4x4.o(i.scan_MatrixKey)
    send_cmd                                 0x00002bc5   Thumb Code    30  lcd12864.o(i.send_cmd)
    send_dat                                 0x00002be5   Thumb Code    70  lcd12864.o(i.send_dat)
    write_char                               0x00002c31   Thumb Code    30  lcd12864.o(i.write_char)
    write_figer                              0x00002c51   Thumb Code   190  lcd12864.o(i.write_figer)
    _get_lc_numeric                          0x00002d15   Thumb Code    44  lc_numeric_c.o(locale$$code)
    _printf_fp_dec                           0x00002d41   Thumb Code    16  printf1.o(x$fpl$printf1)
    __I$use$fp                               0x00002d50   Number         0  usenofp.o(x$fpl$usenofp)
    Region$$Table$$Base                      0x00002de4   Number         0  anon$$obj.o(Region$$Table)
    Region$$Table$$Limit                     0x00002e04   Number         0  anon$$obj.o(Region$$Table)
    display_code                             0x20000000   Data          23  main.o(.data)
    display_cache                            0x20000017   Data           4  main.o(.data)
    DS18B20_Temp                             0x2000001c   Data           4  main.o(.data)
    i                                        0x20000020   Data           4  main.o(.data)
    j                                        0x20000024   Data           4  main.o(.data)
    k                                        0x20000028   Data           4  main.o(.data)
    l                                        0x2000002c   Data           4  main.o(.data)
    Key_Value                                0x20000031   Data           1  isr.o(.data)
    __stdout                                 0x20000034   Data           4  printf.o(.data)
    Uart                                     0x20000038   Data         420  uart0.o(.bss)
    Uart1                                    0x200001dc   Data         420  uart1.o(.bss)
    __libspace_start                         0x20000380   Data          96  libspace.o(.bss)
    __temporary_stack_top$libspace           0x200003e0   Data           0  libspace.o(.bss)



==============================================================================

Memory Map of the image

  Image Entry point : 0x00000205

  Load Region LR_IROM1 (Base: 0x00000000, Size: 0x00002e58, Max: 0x00008000, ABSOLUTE)

    Execution Region ER_IROM1 (Base: 0x00000000, Size: 0x00002e20, Max: 0x00008000, ABSOLUTE)

    Base Addr    Size         Type   Attr      Idx    E Section Name        Object

    0x00000000   0x00000204   Data   RO         1216    RESET               startup_sc32f5832.o
    0x00000204   0x00000008   Code   RO         1291  * !!!main             c_p.l(__main.o)
    0x0000020c   0x0000003c   Code   RO         1511    !!!scatter          c_p.l(__scatter.o)
    0x00000248   0x0000001a   Code   RO         1513    !!handler_copy      c_p.l(__scatter_copy.o)
    0x00000262   0x00000002   PAD
    0x00000264   0x0000001c   Code   RO         1515    !!handler_zi        c_p.l(__scatter_zi.o)
    0x00000280   0x00000002   Code   RO         1284    .ARM.Collect$$_printf_percent$$00000000  c_p.l(_printf_percent.o)
    0x00000282   0x0000000a   Code   RO         1283    .ARM.Collect$$_printf_percent$$00000003  c_p.l(_printf_f.o)
    0x0000028c   0x00000004   Code   RO         1316    .ARM.Collect$$_printf_percent$$00000017  c_p.l(_printf_percent_end.o)
    0x00000290   0x00000002   Code   RO         1387    .ARM.Collect$$libinit$$00000000  c_p.l(libinit.o)
    0x00000292   0x00000000   Code   RO         1389    .ARM.Collect$$libinit$$00000002  c_p.l(libinit2.o)
    0x00000292   0x00000000   Code   RO         1391    .ARM.Collect$$libinit$$00000004  c_p.l(libinit2.o)
    0x00000292   0x00000000   Code   RO         1394    .ARM.Collect$$libinit$$0000000A  c_p.l(libinit2.o)
    0x00000292   0x00000000   Code   RO         1396    .ARM.Collect$$libinit$$0000000C  c_p.l(libinit2.o)
    0x00000292   0x00000000   Code   RO         1398    .ARM.Collect$$libinit$$0000000E  c_p.l(libinit2.o)
    0x00000292   0x00000006   Code   RO         1399    .ARM.Collect$$libinit$$0000000F  c_p.l(libinit2.o)
    0x00000298   0x00000000   Code   RO         1401    .ARM.Collect$$libinit$$00000011  c_p.l(libinit2.o)
    0x00000298   0x00000000   Code   RO         1403    .ARM.Collect$$libinit$$00000013  c_p.l(libinit2.o)
    0x00000298   0x00000000   Code   RO         1405    .ARM.Collect$$libinit$$00000015  c_p.l(libinit2.o)
    0x00000298   0x0000000a   Code   RO         1406    .ARM.Collect$$libinit$$00000016  c_p.l(libinit2.o)
    0x000002a2   0x00000000   Code   RO         1407    .ARM.Collect$$libinit$$00000017  c_p.l(libinit2.o)
    0x000002a2   0x00000000   Code   RO         1409    .ARM.Collect$$libinit$$00000019  c_p.l(libinit2.o)
    0x000002a2   0x00000000   Code   RO         1411    .ARM.Collect$$libinit$$0000001B  c_p.l(libinit2.o)
    0x000002a2   0x00000000   Code   RO         1413    .ARM.Collect$$libinit$$0000001D  c_p.l(libinit2.o)
    0x000002a2   0x00000000   Code   RO         1415    .ARM.Collect$$libinit$$0000001F  c_p.l(libinit2.o)
    0x000002a2   0x00000000   Code   RO         1417    .ARM.Collect$$libinit$$00000021  c_p.l(libinit2.o)
    0x000002a2   0x00000000   Code   RO         1419    .ARM.Collect$$libinit$$00000023  c_p.l(libinit2.o)
    0x000002a2   0x00000000   Code   RO         1421    .ARM.Collect$$libinit$$00000025  c_p.l(libinit2.o)
    0x000002a2   0x00000000   Code   RO         1425    .ARM.Collect$$libinit$$0000002C  c_p.l(libinit2.o)
    0x000002a2   0x00000000   Code   RO         1427    .ARM.Collect$$libinit$$0000002E  c_p.l(libinit2.o)
    0x000002a2   0x00000000   Code   RO         1429    .ARM.Collect$$libinit$$00000030  c_p.l(libinit2.o)
    0x000002a2   0x00000000   Code   RO         1431    .ARM.Collect$$libinit$$00000032  c_p.l(libinit2.o)
    0x000002a2   0x00000002   Code   RO         1432    .ARM.Collect$$libinit$$00000033  c_p.l(libinit2.o)
    0x000002a4   0x00000002   Code   RO         1475    .ARM.Collect$$libshutdown$$00000000  c_p.l(libshutdown.o)
    0x000002a6   0x00000000   Code   RO         1494    .ARM.Collect$$libshutdown$$00000002  c_p.l(libshutdown2.o)
    0x000002a6   0x00000000   Code   RO         1496    .ARM.Collect$$libshutdown$$00000004  c_p.l(libshutdown2.o)
    0x000002a6   0x00000000   Code   RO         1499    .ARM.Collect$$libshutdown$$00000007  c_p.l(libshutdown2.o)
    0x000002a6   0x00000000   Code   RO         1502    .ARM.Collect$$libshutdown$$0000000A  c_p.l(libshutdown2.o)
    0x000002a6   0x00000000   Code   RO         1504    .ARM.Collect$$libshutdown$$0000000C  c_p.l(libshutdown2.o)
    0x000002a6   0x00000000   Code   RO         1507    .ARM.Collect$$libshutdown$$0000000F  c_p.l(libshutdown2.o)
    0x000002a6   0x00000002   Code   RO         1508    .ARM.Collect$$libshutdown$$00000010  c_p.l(libshutdown2.o)
    0x000002a8   0x00000000   Code   RO         1307    .ARM.Collect$$rtentry$$00000000  c_p.l(__rtentry.o)
    0x000002a8   0x00000000   Code   RO         1319    .ARM.Collect$$rtentry$$00000002  c_p.l(__rtentry2.o)
    0x000002a8   0x00000006   Code   RO         1331    .ARM.Collect$$rtentry$$00000004  c_p.l(__rtentry4.o)
    0x000002ae   0x00000000   Code   RO         1321    .ARM.Collect$$rtentry$$00000009  c_p.l(__rtentry2.o)
    0x000002ae   0x00000004   Code   RO         1322    .ARM.Collect$$rtentry$$0000000A  c_p.l(__rtentry2.o)
    0x000002b2   0x00000000   Code   RO         1324    .ARM.Collect$$rtentry$$0000000C  c_p.l(__rtentry2.o)
    0x000002b2   0x00000008   Code   RO         1325    .ARM.Collect$$rtentry$$0000000D  c_p.l(__rtentry2.o)
    0x000002ba   0x00000002   Code   RO         1434    .ARM.Collect$$rtexit$$00000000  c_p.l(rtexit.o)
    0x000002bc   0x00000000   Code   RO         1447    .ARM.Collect$$rtexit$$00000002  c_p.l(rtexit2.o)
    0x000002bc   0x00000004   Code   RO         1448    .ARM.Collect$$rtexit$$00000003  c_p.l(rtexit2.o)
    0x000002c0   0x00000006   Code   RO         1449    .ARM.Collect$$rtexit$$00000004  c_p.l(rtexit2.o)
    0x000002c6   0x00000002   PAD
    0x000002c8   0x0000003c   Code   RO         1217    .text               startup_sc32f5832.o
    0x00000304   0x00000002   Code   RO         1255    .text               c_p.l(use_no_semi_2.o)
    0x00000306   0x00000002   PAD
    0x00000308   0x0000001c   Code   RO         1259    .text               c_p.l(noretval__2printf.o)
    0x00000324   0x0000006c   Code   RO         1261    .text               c_p.l(__printf.o)
    0x00000390   0x0000015a   Code   RO         1285    .text               c_p.l(aeabi_sdiv.o)
    0x000004ea   0x00000006   Code   RO         1289    .text               c_p.l(heapauxi.o)
    0x000004f0   0x0000006c   Code   RO         1293    .text               fz_ps.l(dfixi.o)
    0x0000055c   0x00000248   Code   RO         1295    .text               fz_ps.l(dmul.o)
    0x000007a4   0x00000054   Code   RO         1297    .text               fz_ps.l(f2d.o)
    0x000007f8   0x00000030   Code   RO         1299    .text               fz_ps.l(ffixui.o)
    0x00000828   0x0000005e   Code   RO         1301    .text               fz_ps.l(fflti.o)
    0x00000886   0x00000002   Code   RO         1305    .text               c_p.l(use_no_semi.o)
    0x00000888   0x00000414   Code   RO         1312    .text               c_p.l(_printf_fp_dec.o)
    0x00000c9c   0x00000028   Code   RO         1314    .text               c_p.l(_printf_char_file.o)
    0x00000cc4   0x00000008   Code   RO         1338    .text               c_p.l(rt_locale_intlibspace.o)
    0x00000ccc   0x0000007a   Code   RO         1340    .text               c_p.l(lludiv10.o)
    0x00000d46   0x00000002   PAD
    0x00000d48   0x00000030   Code   RO         1342    .text               c_p.l(_printf_char_common.o)
    0x00000d78   0x00000088   Code   RO         1344    .text               c_p.l(_printf_fp_infnan.o)
    0x00000e00   0x000000c8   Code   RO         1346    .text               c_p.l(bigflt0.o)
    0x00000ec8   0x000004c8   Code   RO         1349    .text               c_p.l(btod.o)
    0x00001390   0x00000008   Code   RO         1353    .text               c_p.l(ferror.o)
    0x00001398   0x00000028   Code   RO         1360    .text               c_p.l(rtudiv10.o)
    0x000013c0   0x00000008   Code   RO         1366    .text               c_p.l(libspace.o)
    0x000013c8   0x0000003e   Code   RO         1369    .text               c_p.l(sys_stackheap_outer.o)
    0x00001406   0x00000010   Code   RO         1374    .text               c_p.l(exit.o)
    0x00001416   0x00000002   PAD
    0x00001418   0x00000088   Code   RO         1380    .text               c_p.l(strcmp.o)
    0x000014a0   0x00000002   Code   RO          441    i.ACMP_OPA_IRQHandler  isr.o
    0x000014a2   0x00000002   Code   RO          442    i.ADC0_IRQHandler   isr.o
    0x000014a4   0x00000002   Code   RO          443    i.ADC1_IRQHandler   isr.o
    0x000014a6   0x00000002   Code   RO          444    i.ADC2_IRQHandler   isr.o
    0x000014a8   0x00000014   Code   RO          445    i.ADC_IRQHandler    isr.o
    0x000014bc   0x00000002   Code   RO          446    i.COPROC_IRQHandler  isr.o
    0x000014be   0x00000002   Code   RO          447    i.DMA_IRQHandler    isr.o
    0x000014c0   0x00000060   Code   RO         1026    i.DS18B20_Check     ds18b20.o
    0x00001520   0x00000094   Code   RO         1027    i.DS18B20_Get_Temp  ds18b20.o
    0x000015b4   0x00000048   Code   RO         1029    i.DS18B20_Read_Bit  ds18b20.o
    0x000015fc   0x00000022   Code   RO         1030    i.DS18B20_Read_Byte  ds18b20.o
    0x0000161e   0x00000002   PAD
    0x00001620   0x0000002c   Code   RO         1031    i.DS18B20_Rst       ds18b20.o
    0x0000164c   0x00000018   Code   RO         1032    i.DS18B20_Start     ds18b20.o
    0x00001664   0x00000060   Code   RO         1033    i.DS18B20_Write_Byte  ds18b20.o
    0x000016c4   0x00000012   Code   RO         1139    i.Delay             lcd12864.o
    0x000016d6   0x00000018   Code   RO          776    i.Device_Init       devinit.o
    0x000016ee   0x00000002   Code   RO          448    i.ERU0_IRQHandler   isr.o
    0x000016f0   0x00000002   Code   RO          449    i.ERU1_IRQHandler   isr.o
    0x000016f2   0x00000002   Code   RO          450    i.ERU2_IRQHandler   isr.o
    0x000016f4   0x00000002   Code   RO          451    i.ERU3_IRQHandler   isr.o
    0x000016f6   0x00000002   PAD
    0x000016f8   0x00000044   Code   RO          452    i.GPIO0_IRQHandler  isr.o
    0x0000173c   0x00000002   Code   RO          453    i.GPIO1_IRQHandler  isr.o
    0x0000173e   0x00000002   Code   RO          454    i.GPIO2_IRQHandler  isr.o
    0x00001740   0x000001ac   Code   RO          340    i.GPIO_AF_SEL       gpio.o
    0x000018ec   0x0000024c   Code   RO          342    i.GPIO_Init         gpio.o
    0x00001b38   0x0000018c   Code   RO          344    i.GPIO_PUPD_SEL     gpio.o
    0x00001cc4   0x00000002   Code   RO          455    i.HardFault_Handler  isr.o
    0x00001cc6   0x0000003a   Code   RO          387    i.IRQ_Enable        irq.o
    0x00001d00   0x00000082   Code   RO          388    i.IRQ_Init          irq.o
    0x00001d82   0x00000002   Code   RO          456    i.IWDT_IRQHandler   isr.o
    0x00001d84   0x00000044   Code   RO         1140    i.LCD_GPIO_Init     lcd12864.o
    0x00001dc8   0x00000002   Code   RO          457    i.NMI_Handler       isr.o
    0x00001dca   0x00000002   PAD
    0x00001dcc   0x00000034   Code   RO           91    i.OPENPLL           clk.o
    0x00001e00   0x00000034   Code   RO           93    i.PLLSET            clk.o
    0x00001e34   0x00000014   Code   RO          458    i.PWM0_IRQHandler   isr.o
    0x00001e48   0x00000002   Code   RO          459    i.PWM4_IRQHandler   isr.o
    0x00001e4a   0x00000002   Code   RO          460    i.PWM_COMB_IRQHandler  isr.o
    0x00001e4c   0x00000002   Code   RO          461    i.PendSV_Handler    isr.o
    0x00001e4e   0x00000002   Code   RO          462    i.SPI0_IRQHandler   isr.o
    0x00001e50   0x00000060   Code   RO          997    i.ST_delay_ms       delay.o
    0x00001eb0   0x0000005c   Code   RO          998    i.ST_delay_us       delay.o
    0x00001f0c   0x00000002   Code   RO          463    i.SVC_Handler       isr.o
    0x00001f0e   0x00000002   Code   RO          464    i.SYS_IRQHandler    isr.o
    0x00001f10   0x000000f8   Code   RO           94    i.SetPll            clk.o
    0x00002008   0x00000048   Code   RO          465    i.SysTick_Handler   isr.o
    0x00002050   0x0000004c   Code   RO         1224    i.SystemInit        system_sc32f5832.o
    0x0000209c   0x0000006c   Code   RO          232    i.TIM6_T0_IRQHandler  main.o
    0x00002108   0x0000003c   Code   RO          144    i.TIM6_T0_Init      etimer.o
    0x00002144   0x00000002   Code   RO          466    i.TIM6_T1_IRQHandler  isr.o
    0x00002146   0x00000002   PAD
    0x00002148   0x0000005c   Code   RO          467    i.TIMER0_IRQHandler  isr.o
    0x000021a4   0x000000a0   Code   RO          634    i.UART0_IRQHandler  uart0.o
    0x00002244   0x000000a0   Code   RO          709    i.UART1_IRQHandler  uart1.o
    0x000022e4   0x00000048   Code   RO          635    i.Uart0_Init        uart0.o
    0x0000232c   0x00000002   Code   RO          468    i.WWDT_IRQHandler   isr.o
    0x0000232e   0x00000030   Code   RO         1351    i.__ARM_common_ll_muluu  c_p.l(btod.o)
    0x0000235e   0x0000001c   Code   RO          379    i.__ARM_common_switch8  gpio.o
    0x0000237a   0x00000002   PAD
    0x0000237c   0x0000002c   Code   RO         1364    i.__ARM_fpclassify  m_ps.l(fpclassify.o)
    0x000023a8   0x00000018   Code   RO          389    i.__NVIC_ClearPendingIRQ  irq.o
    0x000023c0   0x00000018   Code   RO          469    i.__NVIC_ClearPendingIRQ  isr.o
    0x000023d8   0x00000018   Code   RO          391    i.__NVIC_EnableIRQ  irq.o
    0x000023f0   0x00000078   Code   RO          392    i.__NVIC_SetPriority  irq.o
    0x00002468   0x00000008   Code   RO         1103    i._sys_exit         printf.o
    0x00002470   0x00000020   Code   RO          235    i.delay_ms          main.o
    0x00002490   0x00000194   Code   RO          237    i.display_led       main.o
    0x00002624   0x00000018   Code   RO         1104    i.fputc             printf.o
    0x0000263c   0x00000030   Code   RO         1034    i.init_onewire_in   ds18b20.o
    0x0000266c   0x00000014   Code   RO         1035    i.init_onewire_out  ds18b20.o
    0x00002680   0x0000000a   Code   RO         1141    i.lcd_clear         lcd12864.o
    0x0000268a   0x00000002   PAD
    0x0000268c   0x0000005c   Code   RO         1142    i.lcd_init          lcd12864.o
    0x000026e8   0x0000004e   Code   RO         1143    i.lcd_pos           lcd12864.o
    0x00002736   0x00000026   Code   RO         1144    i.lcd_wstr          lcd12864.o
    0x0000275c   0x000002ac   Code   RO          238    i.main              main.o
    0x00002a08   0x000001bc   Code   RO          973    i.scan_MatrixKey    keyboard4x4.o
    0x00002bc4   0x0000001e   Code   RO         1145    i.send_cmd          lcd12864.o
    0x00002be2   0x00000002   PAD
    0x00002be4   0x0000004c   Code   RO         1146    i.send_dat          lcd12864.o
    0x00002c30   0x0000001e   Code   RO         1147    i.write_char        lcd12864.o
    0x00002c4e   0x00000002   PAD
    0x00002c50   0x000000c4   Code   RO         1148    i.write_figer       lcd12864.o
    0x00002d14   0x0000002c   Code   RO         1358    locale$$code        c_p.l(lc_numeric_c.o)
    0x00002d40   0x00000010   Code   RO         1303    x$fpl$printf1       fz_ps.l(printf1.o)
    0x00002d50   0x00000000   Code   RO         1317    x$fpl$usenofp       fz_ps.l(usenofp.o)
    0x00002d50   0x00000094   Data   RO         1347    .constdata          c_p.l(bigflt0.o)
    0x00002de4   0x00000020   Data   RO         1509    Region$$Table       anon$$obj.o
    0x00002e04   0x0000001c   Data   RO         1357    locale$$data        c_p.l(lc_numeric_c.o)


    Execution Region RW_IRAM1 (Base: 0x20000000, Size: 0x000006e0, Max: 0x00001000, ABSOLUTE)

    Base Addr    Size         Type   Attr      Idx    E Section Name        Object

    0x20000000   0x00000031   Data   RW          239    .data               main.o
    0x20000031   0x00000001   Data   RW          470    .data               isr.o
    0x20000032   0x00000001   Data   RW          974    .data               keyboard4x4.o
    0x20000033   0x00000001   PAD
    0x20000034   0x00000004   Data   RW         1105    .data               printf.o
    0x20000038   0x000001a4   Zero   RW          641    .bss                uart0.o
    0x200001dc   0x000001a4   Zero   RW          715    .bss                uart1.o
    0x20000380   0x00000060   Zero   RW         1367    .bss                c_p.l(libspace.o)
    0x200003e0   0x00000100   Zero   RW         1215    HEAP                startup_sc32f5832.o
    0x200004e0   0x00000200   Zero   RW         1214    STACK               startup_sc32f5832.o


==============================================================================

Image component sizes


      Code (inc. data)   RO Data    RW Data    ZI Data      Debug   Object Name

         0          0          0          0          0     163100   adc.o
       352         34          0          0          0       1828   clk.o
       188         26          0          0          0       1252   delay.o
        24          0          0          0          0        574   devinit.o
       582         42          0          0          0       5918   ds18b20.o
        60          8          0          0          0        407   etimer.o
      1440         62          0          0          0       3150   gpio.o
       356         22          0          0          0       9904   irq.o
       342         26          0          1          0      15892   isr.o
       444         12          0          1          0        869   keyboard4x4.o
       636         24          0          0          0       7081   lcd12864.o
      1228        228          0         49          0      11807   main.o
        32          4          0          4          0       3314   printf.o
        60         28        516          0        768        844   startup_sc32f5832.o
        76         10          0          0          0        613   system_sc32f5832.o
       232         18          0          0        420       2535   uart0.o
       160         14          0          0        420       1986   uart1.o

    ----------------------------------------------------------------------
      6228        558        548         56       1608     231074   Object Totals
         0          0         32          0          0          0   (incl. Generated)
        16          0          0          1          0          0   (incl. Padding)

    ----------------------------------------------------------------------

      Code (inc. data)   RO Data    RW Data    ZI Data      Debug   Library Member Name

         8          0          0          0          0         68   __main.o
       108          0          0          0          0         76   __printf.o
         0          0          0          0          0          0   __rtentry.o
        12          0          0          0          0          0   __rtentry2.o
         6          0          0          0          0          0   __rtentry4.o
        60          8          0          0          0          0   __scatter.o
        26          0          0          0          0          0   __scatter_copy.o
        28          0          0          0          0          0   __scatter_zi.o
        48          6          0          0          0         88   _printf_char_common.o
        40          6          0          0          0         72   _printf_char_file.o
        10          0          0          0          0          0   _printf_f.o
      1044         14          0          0          0        176   _printf_fp_dec.o
       136         16          0          0          0         76   _printf_fp_infnan.o
         2          0          0          0          0          0   _printf_percent.o
         4          0          0          0          0          0   _printf_percent_end.o
       346          0          0          0          0         92   aeabi_sdiv.o
       200          4        148          0          0         80   bigflt0.o
      1272         16          0          0          0        328   btod.o
        16          0          0          0          0         68   exit.o
         8          0          0          0          0         60   ferror.o
         6          0          0          0          0        136   heapauxi.o
        44         10         28          0          0         76   lc_numeric_c.o
         2          0          0          0          0          0   libinit.o
        18          0          0          0          0          0   libinit2.o
         2          0          0          0          0          0   libshutdown.o
         2          0          0          0          0          0   libshutdown2.o
         8          4          0          0         96         68   libspace.o
       122          0          0          0          0         72   lludiv10.o
        28          6          0          0          0         84   noretval__2printf.o
         8          4          0          0          0         68   rt_locale_intlibspace.o
         2          0          0          0          0          0   rtexit.o
        10          0          0          0          0          0   rtexit2.o
        40          0          0          0          0         60   rtudiv10.o
       136          4          0          0          0         72   strcmp.o
        62          0          0          0          0         80   sys_stackheap_outer.o
         2          0          0          0          0         68   use_no_semi.o
         2          0          0          0          0         68   use_no_semi_2.o
       108         10          0          0          0         72   dfixi.o
       584         26          0          0          0         84   dmul.o
        84          4          0          0          0         60   f2d.o
        48          0          0          0          0         60   ffixui.o
        94          0          0          0          0         92   fflti.o
        16          4          0          0          0         76   printf1.o
         0          0          0          0          0          0   usenofp.o
        44          4          0          0          0         60   fpclassify.o

    ----------------------------------------------------------------------
      4856        146        176          0         96       2540   Library Totals
        10          0          0          0          0          0   (incl. Padding)

    ----------------------------------------------------------------------

      Code (inc. data)   RO Data    RW Data    ZI Data      Debug   Library Name

      3868         98        176          0         96       2036   c_p.l
       934         44          0          0          0        444   fz_ps.l
        44          4          0          0          0         60   m_ps.l

    ----------------------------------------------------------------------
      4856        146        176          0         96       2540   Library Totals

    ----------------------------------------------------------------------

==============================================================================


      Code (inc. data)   RO Data    RW Data    ZI Data      Debug   

     11084        704        724         56       1704     229302   Grand Totals
     11084        704        724         56       1704     229302   ELF Image Totals
     11084        704        724         56          0          0   ROM Totals

==============================================================================

    Total RO  Size (Code + RO Data)                11808 (  11.53kB)
    Total RW  Size (RW Data + ZI Data)              1760 (   1.72kB)
    Total ROM Size (Code + RO Data + RW Data)      11864 (  11.59kB)

==============================================================================

